20:57:22 **** Incremental Build of configuration Debug for project GUIApp ****
make -r -j12 all 
arm-none-eabi-size --format=berkeley "GUIApp.elf"
   text	   data	    bss	    dec	    hex	filename
 749484	   4032	 501764	1255280	 132770	GUIApp.elf
20:59:41 **** Incremental Build of configuration Debug for project GUIApp ****
make -r -j12 all 
Building file: ../src/http_server_user.c
../src/http_server_user.c: In function 'http_handle_login':
../src/http_server_user.c:1444:72: warning: null character(s) preserved in literal
 1444 |         if ((strcmp(username, ADMIN_USERNAME) == 0) && (password[0] != ' '))
      |                                                                        ^
At top level:
../src/http_server_user.c:82:13: warning: 'http_send_json_error' defined but not used [-Wunused-function]
   82 | static UINT http_send_json_error(NX_HTTP_SERVER * server_ptr,
      |             ^~~~~~~~~~~~~~~~~~~~
Building target: GUIApp.elf
arm-none-eabi-objcopy -O srec "GUIApp.elf"  "GUIApp.srec"
arm-none-eabi-size --format=berkeley "GUIApp.elf"
   text	   data	    bss	    dec	    hex	filename
 749484	   4032	 501764	1255280	 132770	GUIApp.elf
22:33:40 **** Clean-only build of configuration Debug for project GUIApp ****
make -r -j12 clean 
rm -rf GUIApp.siz ./synergy/ssp_supplemental/touch_drivers/touch_panel_chip_sx8654/sf_touch_panel_chip_sx8654.d ./synergy/ssp/src/framework/tes/dave2d/dave_64bitoperation.d ./synergy/ssp/src/framework/tes/dave2d/dave_base.d ./synergy/ssp/src/framework/tes/dave2d/dave_blit.d ./synergy/ssp/src/framework/tes/dave2d/dave_box.d ./synergy/ssp/src/framework/tes/dave2d/dave_circle.d ./synergy/ssp/src/framework/tes/dave2d/dave_context.d ./synergy/ssp/src/framework/tes/dave2d/dave_curve.d ./synergy/ssp/src/framework/tes/dave2d/dave_dlist.d ./synergy/ssp/src/framework/tes/dave2d/dave_driver.d ./synergy/ssp/src/framework/tes/dave2d/dave_edge.d ./synergy/ssp/src/framework/tes/dave2d/dave_errorcodes.d ./synergy/ssp/src/framework/tes/dave2d/dave_gradient.d ./synergy/ssp/src/framework/tes/dave2d/dave_hardware.d ./synergy/ssp/src/framework/tes/dave2d/dave_line.d ./synergy/ssp/src/framework/tes/dave2d/dave_math.d ./synergy/ssp/src/framework/tes/dave2d/dave_memory.d ./synergy/ssp/src/framework/tes/dave2d/dave_pattern.d ./synergy/ssp/src/framework/tes/dave2d/dave_perfcount.d ./synergy/ssp/src/framework/tes/dave2d/dave_polyline.d ./synergy/ssp/src/framework/tes/dave2d/dave_quad.d ./synergy/ssp/src/framework/tes/dave2d/dave_rbuffer.d ./synergy/ssp/src/framework/tes/dave2d/dave_render.d ./synergy/ssp/src/framework/tes/dave2d/dave_texture.d ./synergy/ssp/src/framework/tes/dave2d/dave_triangle.d ./synergy/ssp/src/framework/tes/dave2d/dave_utility.d ./synergy/ssp/src/framework/tes/dave2d/dave_viewport.d ./synergy/ssp/src/framework/tes/dave2d/dave_wedge.d ./synergy/ssp/src/framework/sf_touch_panel_v2/sf_touch_panel_v2.d ./synergy/ssp/src/framework/sf_tes_2d_drw/sf_tes_2d_drw_base.d ./synergy/ssp/src/framework/sf_tes_2d_drw/sf_tes_2d_drw_irq.d ./synergy/ssp/src/framework/sf_tes_2d_drw/sf_tes_2d_drw_memory.d ./synergy/ssp/src/framework/sf_jpeg_decode/sf_jpeg_decode.d ./synergy/ssp/src/framework/sf_i2c/sf_i2c.d ./synergy/ssp/src/framework/sf_external_irq/sf_external_irq.d ./synergy/ssp/src/framework/sf_el_ux/usb_irq_veneer.d ./synergy/ssp/src/framework/sf_el_ux/usbfs_irq_veneer.d ./synergy/ssp/src/framework/sf_el_ux/ux_dcd_synergy_buffer_empty_interrupt.d ./synergy/ssp/src/framework/sf_el_ux/ux_dcd_synergy_buffer_notready_interrupt.d ./synergy/ssp/src/framework/sf_el_ux/ux_dcd_synergy_buffer_read.d ./synergy/ssp/src/framework/sf_el_ux/ux_dcd_synergy_buffer_ready_interrupt.d ./synergy/ssp/src/framework/sf_el_ux/ux_dcd_synergy_buffer_write.d ./synergy/ssp/src/framework/sf_el_ux/ux_dcd_synergy_current_endpoint_change.d ./synergy/ssp/src/framework/sf_el_ux/ux_dcd_synergy_data_buffersize.d ./synergy/ssp/src/framework/sf_el_ux/ux_dcd_synergy_endpoint_create.d ./synergy/ssp/src/framework/sf_el_ux/ux_dcd_synergy_endpoint_destroy.d ./synergy/ssp/src/framework/sf_el_ux/ux_dcd_synergy_endpoint_nak_set.d ./synergy/ssp/src/framework/sf_el_ux/ux_dcd_synergy_endpoint_reset.d ./synergy/ssp/src/framework/sf_el_ux/ux_dcd_synergy_endpoint_stall.d ./synergy/ssp/src/framework/sf_el_ux/ux_dcd_synergy_endpoint_status.d ./synergy/ssp/src/framework/sf_el_ux/ux_dcd_synergy_fifo_port_change.d ./synergy/ssp/src/framework/sf_el_ux/ux_dcd_synergy_fifo_read.d ./synergy/ssp/src/framework/sf_el_ux/ux_dcd_synergy_fifoc_write.d ./synergy/ssp/src/framework/sf_el_ux/ux_dcd_synergy_fifod_write.d ./synergy/ssp/src/framework/sf_el_ux/ux_dcd_synergy_frame_number_get.d ./synergy/ssp/src/framework/sf_el_ux/ux_dcd_synergy_function.d ./synergy/ssp/src/framework/sf_el_ux/ux_dcd_synergy_initialize.d ./synergy/ssp/src/framework/sf_el_ux/ux_dcd_synergy_initialize_complete.d ./synergy/ssp/src/framework/sf_el_ux/ux_dcd_synergy_interrupt_handler.d ./synergy/ssp/src/framework/sf_el_ux/ux_dcd_synergy_register_clear.d ./synergy/ssp/src/framework/sf_el_ux/ux_dcd_synergy_register_read.d ./synergy/ssp/src/framework/sf_el_ux/ux_dcd_synergy_register_set.d ./synergy/ssp/src/framework/sf_el_ux/ux_dcd_synergy_register_write.d ./synergy/ssp/src/framework/sf_el_ux/ux_dcd_synergy_transfer_abort.d ./synergy/ssp/src/framework/sf_el_ux/ux_dcd_synergy_transfer_callback.d ./synergy/ssp/src/framework/sf_el_ux/ux_dcd_synergy_transfer_request.d ./synergy/ssp/src/framework/sf_el_ux/ux_dcd_synergy_uninitialize.d ./synergy/ssp/src/framework/sf_el_ux/ux_hcd_synergy_asynch_queue_process.d ./synergy/ssp/src/framework/sf_el_ux/ux_hcd_synergy_asynch_queue_process_bemp.d ./synergy/ssp/src/framework/sf_el_ux/ux_hcd_synergy_asynch_queue_process_brdy.d ./synergy/ssp/src/framework/sf_el_ux/ux_hcd_synergy_asynch_queue_process_nrdy.d ./synergy/ssp/src/framework/sf_el_ux/ux_hcd_synergy_asynch_queue_process_sign.d ./synergy/ssp/src/framework/sf_el_ux/ux_hcd_synergy_asynch_schedule.d ./synergy/ssp/src/framework/sf_el_ux/ux_hcd_synergy_asynchronous_endpoint_create.d ./synergy/ssp/src/framework/sf_el_ux/ux_hcd_synergy_asynchronous_endpoint_destroy.d ./synergy/ssp/src/framework/sf_el_ux/ux_hcd_synergy_buffer_empty_interrupt.d ./synergy/ssp/src/framework/sf_el_ux/ux_hcd_synergy_buffer_notready_interrupt.d ./synergy/ssp/src/framework/sf_el_ux/ux_hcd_synergy_buffer_read.d ./synergy/ssp/src/framework/sf_el_ux/ux_hcd_synergy_buffer_ready_interrupt.d ./synergy/ssp/src/framework/sf_el_ux/ux_hcd_synergy_buffer_write.d ./synergy/ssp/src/framework/sf_el_ux/ux_hcd_synergy_bulk_endpoint_create.d ./synergy/ssp/src/framework/sf_el_ux/ux_hcd_synergy_bulk_int_td_add.d ./synergy/ssp/src/framework/sf_el_ux/ux_hcd_synergy_control_endpoint_create.d ./synergy/ssp/src/framework/sf_el_ux/ux_hcd_synergy_control_td_add.d ./synergy/ssp/src/framework/sf_el_ux/ux_hcd_synergy_controller_disable.d ./synergy/ssp/src/framework/sf_el_ux/ux_hcd_synergy_current_endpoint_change.d ./synergy/ssp/src/framework/sf_el_ux/ux_hcd_synergy_data_buffer_size.d ./synergy/ssp/src/framework/sf_el_ux/ux_hcd_synergy_ed_obtain.d ./synergy/ssp/src/framework/sf_el_ux/ux_hcd_synergy_ed_td_clean.d ./synergy/ssp/src/framework/sf_el_ux/ux_hcd_synergy_endpoint_nak_set.d ./synergy/ssp/src/framework/sf_el_ux/ux_hcd_synergy_endpoint_reset.d ./synergy/ssp/src/framework/sf_el_ux/ux_hcd_synergy_entry.d ./synergy/ssp/src/framework/sf_el_ux/ux_hcd_synergy_fifo_port_change.d ./synergy/ssp/src/framework/sf_el_ux/ux_hcd_synergy_fifo_read.d ./synergy/ssp/src/framework/sf_el_ux/ux_hcd_synergy_fifoc_write.d ./synergy/ssp/src/framework/sf_el_ux/ux_hcd_synergy_fifod_write.d ./synergy/ssp/src/framework/sf_el_ux/ux_hcd_synergy_frame_number_get.d ./synergy/ssp/src/framework/sf_el_ux/ux_hcd_synergy_frame_number_set.d ./synergy/ssp/src/framework/sf_el_ux/ux_hcd_synergy_initialize.d ./synergy/ssp/src/framework/sf_el_ux/ux_hcd_synergy_interrupt_endpoint_create.d ./synergy/ssp/src/framework/sf_el_ux/ux_hcd_synergy_interrupt_handler.d ./synergy/ssp/src/framework/sf_el_ux/ux_hcd_synergy_iso_queue_process.d ./synergy/ssp/src/framework/sf_el_ux/ux_hcd_synergy_iso_queue_process_bemp.d ./synergy/ssp/src/framework/sf_el_ux/ux_hcd_synergy_iso_queue_process_brdy.d ./synergy/ssp/src/framework/sf_el_ux/ux_hcd_synergy_iso_queue_process_nrdy.d ./synergy/ssp/src/framework/sf_el_ux/ux_hcd_synergy_iso_schedule.d ./synergy/ssp/src/framework/sf_el_ux/ux_hcd_synergy_iso_td_add.d ./synergy/ssp/src/framework/sf_el_ux/ux_hcd_synergy_isochronous_endpoint_create.d ./synergy/ssp/src/framework/sf_el_ux/ux_hcd_synergy_isochronous_td_obtain.d ./synergy/ssp/src/framework/sf_el_ux/ux_hcd_synergy_least_traffic_list_get.d ./synergy/ssp/src/framework/sf_el_ux/ux_hcd_synergy_periodic_endpoint_destroy.d ./synergy/ssp/src/framework/sf_el_ux/ux_hcd_synergy_periodic_schedule.d ./synergy/ssp/src/framework/sf_el_ux/ux_hcd_synergy_periodic_tree_create.d ./synergy/ssp/src/framework/sf_el_ux/ux_hcd_synergy_port_disable.d ./synergy/ssp/src/framework/sf_el_ux/ux_hcd_synergy_port_enable.d ./synergy/ssp/src/framework/sf_el_ux/ux_hcd_synergy_port_reset.d ./synergy/ssp/src/framework/sf_el_ux/ux_hcd_synergy_port_resume.d ./synergy/ssp/src/framework/sf_el_ux/ux_hcd_synergy_port_status_get.d ./synergy/ssp/src/framework/sf_el_ux/ux_hcd_synergy_port_suspend.d ./synergy/ssp/src/framework/sf_el_ux/ux_hcd_synergy_power_down_port.d ./synergy/ssp/src/framework/sf_el_ux/ux_hcd_synergy_power_on_port.d ./synergy/ssp/src/framework/sf_el_ux/ux_hcd_synergy_power_root_hubs.d ./synergy/ssp/src/framework/sf_el_ux/ux_hcd_synergy_register_clear.d ./synergy/ssp/src/framework/sf_el_ux/ux_hcd_synergy_register_read.d ./synergy/ssp/src/framework/sf_el_ux/ux_hcd_synergy_register_set.d ./synergy/ssp/src/framework/sf_el_ux/ux_hcd_synergy_register_write.d ./synergy/ssp/src/framework/sf_el_ux/ux_hcd_synergy_regular_td_obtain.d ./synergy/ssp/src/framework/sf_el_ux/ux_hcd_synergy_request_bulk_transfer.d ./synergy/ssp/src/framework/sf_el_ux/ux_hcd_synergy_request_control_transfer.d ./synergy/ssp/src/framework/sf_el_ux/ux_hcd_synergy_request_interupt_transfer.d ./synergy/ssp/src/framework/sf_el_ux/ux_hcd_synergy_request_isochronous_transfer.d ./synergy/ssp/src/framework/sf_el_ux/ux_hcd_synergy_request_transfer.d ./synergy/ssp/src/framework/sf_el_ux/ux_hcd_synergy_td_add.d ./synergy/ssp/src/framework/sf_el_ux/ux_hcd_synergy_transfer_abort.d ./synergy/ssp/src/framework/sf_el_ux/ux_hcd_synergy_uninitialize.d ./synergy/ssp/src/framework/sf_el_nx/phy/ether_phy.d ./synergy/ssp/src/framework/sf_el_nx/enet_irq_veneer.d ./synergy/ssp/src/framework/sf_el_nx/nx_hw_init.d ./synergy/ssp/src/framework/sf_el_nx/nx_renesas_synergy.d ./synergy/ssp/src/framework/sf_el_gx/gx_display_driver_synergy_dave2d.d ./synergy/ssp/src/framework/sf_el_gx/gx_display_driver_synergy_dave2d_8bit_palette.d ./synergy/ssp/src/framework/sf_el_gx/gx_display_driver_synergy_dave2d_8bit_palette_rotated.d ./synergy/ssp/src/framework/sf_el_gx/gx_display_driver_synergy_dave2d_rotated.d ./synergy/ssp/src/framework/sf_el_gx/sf_el_gx.d ./synergy/ssp/src/framework/sf_crypto_trng/sf_crypto_trng.d ./synergy/ssp/src/framework/sf_crypto_hash/sf_crypto_hash.d ./synergy/ssp/src/framework/sf_crypto/sf_crypto.d ./synergy/ssp/src/framework/sf_crypto/sf_crypto_private.d ./synergy/ssp/src/framework/el/nxd_application_layer/nxd_http_server/nxd_http_server.d ./synergy/ssp/src/framework/el/nxd_application_layer/nxd_dhcp/nxd_dhcp_client.d ./synergy/ssp/src/framework/el/nxd_application_layer/nxd_dhcp/nxd_dhcpv6_client.d ./synergy/ssp/src/framework/el/nx_md5/nx_md5.d ./synergy/ssp/src/driver/r_sci_spi/r_sci_spi.d ./synergy/ssp/src/driver/r_riic/r_riic.d ./synergy/ssp/src/driver/r_qspi/r_qspi.d ./synergy/ssp/src/driver/r_jpeg_decode/r_jpeg_decode.d ./synergy/ssp/src/driver/r_jpeg_common/r_jpeg_common.d ./synergy/ssp/src/driver/r_ioport/r_ioport.d ./synergy/ssp/src/driver/r_icu/r_icu.d ./synergy/ssp/src/driver/r_glcd/r_glcd.d ./synergy/ssp/src/driver/r_elc/r_elc.d ./synergy/ssp/src/driver/r_dtc/r_dtc.d ./synergy/ssp/src/driver/r_dmac/r_dmac.d ./synergy/ssp/src/driver/r_cgc/r_cgc.d ./synergy/ssp/src/bsp/mcu/s7g2/bsp_cache.d ./synergy/ssp/src/bsp/mcu/s7g2/bsp_clocks.d ./synergy/ssp/src/bsp/mcu/s7g2/bsp_feature.d ./synergy/ssp/src/bsp/mcu/s7g2/bsp_group_irq.d ./synergy/ssp/src/bsp/mcu/s7g2/bsp_hw_locks.d ./synergy/ssp/src/bsp/mcu/s7g2/bsp_module_stop.d ./synergy/ssp/src/bsp/mcu/s7g2/bsp_rom_registers.d ./synergy/ssp/src/bsp/mcu/all/bsp_common.d ./synergy/ssp/src/bsp/mcu/all/bsp_common_leds.d ./synergy/ssp/src/bsp/mcu/all/bsp_delay.d ./synergy/ssp/src/bsp/mcu/all/bsp_irq.d ./synergy/ssp/src/bsp/mcu/all/bsp_locking.d ./synergy/ssp/src/bsp/mcu/all/bsp_register_protection.d ./synergy/ssp/src/bsp/mcu/all/bsp_sbrk.d ./synergy/ssp/src/bsp/cmsis/Device/RENESAS/S7G2/Source/startup_S7G2.d ./synergy/ssp/src/bsp/cmsis/Device/RENESAS/S7G2/Source/system_S7G2.d ./synergy/board/s7g2_sk/bsp_init.d ./synergy/board/s7g2_sk/bsp_leds.d ./synergy/board/s7g2_sk/bsp_qspi.d ./src/synergy_gen/common_data.d ./src/synergy_gen/hal_data.d ./src/synergy_gen/main.d ./src/synergy_gen/main_thread.d ./src/synergy_gen/network_thread.d ./src/synergy_gen/pin_data.d ./src/synergy_gen/usb_thread.d ./src/led_control/led.d ./src/hardware/lcd_setup.d ./src/gui/guiapp_resources.d ./src/gui/guiapp_specifications.d ./src/auth_manager.d ./src/auth_qspi_store.d ./src/guiapp_event_handlers.d ./src/hal_entry.d ./src/http_server_user.d ./src/main_thread_entry.d ./src/network_thread_entry.d ./src/sha256_mini.d ./src/usb_thread_entry.d ./synergy/ssp_supplemental/touch_drivers/touch_panel_chip_sx8654/sf_touch_panel_chip_sx8654.o ./synergy/ssp/src/framework/tes/dave2d/dave_64bitoperation.o ./synergy/ssp/src/framework/tes/dave2d/dave_base.o ./synergy/ssp/src/framework/tes/dave2d/dave_blit.o ./synergy/ssp/src/framework/tes/dave2d/dave_box.o ./synergy/ssp/src/framework/tes/dave2d/dave_circle.o ./synergy/ssp/src/framework/tes/dave2d/dave_context.o ./synergy/ssp/src/framework/tes/dave2d/dave_curve.o ./synergy/ssp/src/framework/tes/dave2d/dave_dlist.o ./synergy/ssp/src/framework/tes/dave2d/dave_driver.o ./synergy/ssp/src/framework/tes/dave2d/dave_edge.o ./synergy/ssp/src/framework/tes/dave2d/dave_errorcodes.o ./synergy/ssp/src/framework/tes/dave2d/dave_gradient.o ./synergy/ssp/src/framework/tes/dave2d/dave_hardware.o ./synergy/ssp/src/framework/tes/dave2d/dave_line.o ./synergy/ssp/src/framework/tes/dave2d/dave_math.o ./synergy/ssp/src/framework/tes/dave2d/dave_memory.o ./synergy/ssp/src/framework/tes/dave2d/dave_pattern.o ./synergy/ssp/src/framework/tes/dave2d/dave_perfcount.o ./synergy/ssp/src/framework/tes/dave2d/dave_polyline.o ./synergy/ssp/src/framework/tes/dave2d/dave_quad.o ./synergy/ssp/src/framework/tes/dave2d/dave_rbuffer.o ./synergy/ssp/src/framework/tes/dave2d/dave_render.o ./synergy/ssp/src/framework/tes/dave2d/dave_texture.o ./synergy/ssp/src/framework/tes/dave2d/dave_triangle.o ./synergy/ssp/src/framework/tes/dave2d/dave_utility.o ./synergy/ssp/src/framework/tes/dave2d/dave_viewport.o ./synergy/ssp/src/framework/tes/dave2d/dave_wedge.o ./synergy/ssp/src/framework/sf_touch_panel_v2/sf_touch_panel_v2.o ./synergy/ssp/src/framework/sf_tes_2d_drw/sf_tes_2d_drw_base.o ./synergy/ssp/src/framework/sf_tes_2d_drw/sf_tes_2d_drw_irq.o ./synergy/ssp/src/framework/sf_tes_2d_drw/sf_tes_2d_drw_memory.o ./synergy/ssp/src/framework/sf_jpeg_decode/sf_jpeg_decode.o ./synergy/ssp/src/framework/sf_i2c/sf_i2c.o ./synergy/ssp/src/framework/sf_external_irq/sf_external_irq.o ./synergy/ssp/src/framework/sf_el_ux/usb_irq_veneer.o ./synergy/ssp/src/framework/sf_el_ux/usbfs_irq_veneer.o ./synergy/ssp/src/framework/sf_el_ux/ux_dcd_synergy_buffer_empty_interrupt.o ./synergy/ssp/src/framework/sf_el_ux/ux_dcd_synergy_buffer_notready_interrupt.o ./synergy/ssp/src/framework/sf_el_ux/ux_dcd_synergy_buffer_read.o ./synergy/ssp/src/framework/sf_el_ux/ux_dcd_synergy_buffer_ready_interrupt.o ./synergy/ssp/src/framework/sf_el_ux/ux_dcd_synergy_buffer_write.o ./synergy/ssp/src/framework/sf_el_ux/ux_dcd_synergy_current_endpoint_change.o ./synergy/ssp/src/framework/sf_el_ux/ux_dcd_synergy_data_buffersize.o ./synergy/ssp/src/framework/sf_el_ux/ux_dcd_synergy_endpoint_create.o ./synergy/ssp/src/framework/sf_el_ux/ux_dcd_synergy_endpoint_destroy.o ./synergy/ssp/src/framework/sf_el_ux/ux_dcd_synergy_endpoint_nak_set.o ./synergy/ssp/src/framework/sf_el_ux/ux_dcd_synergy_endpoint_reset.o ./synergy/ssp/src/framework/sf_el_ux/ux_dcd_synergy_endpoint_stall.o ./synergy/ssp/src/framework/sf_el_ux/ux_dcd_synergy_endpoint_status.o ./synergy/ssp/src/framework/sf_el_ux/ux_dcd_synergy_fifo_port_change.o ./synergy/ssp/src/framework/sf_el_ux/ux_dcd_synergy_fifo_read.o ./synergy/ssp/src/framework/sf_el_ux/ux_dcd_synergy_fifoc_write.o ./synergy/ssp/src/framework/sf_el_ux/ux_dcd_synergy_fifod_write.o ./synergy/ssp/src/framework/sf_el_ux/ux_dcd_synergy_frame_number_get.o ./synergy/ssp/src/framework/sf_el_ux/ux_dcd_synergy_function.o ./synergy/ssp/src/framework/sf_el_ux/ux_dcd_synergy_initialize.o ./synergy/ssp/src/framework/sf_el_ux/ux_dcd_synergy_initialize_complete.o ./synergy/ssp/src/framework/sf_el_ux/ux_dcd_synergy_interrupt_handler.o ./synergy/ssp/src/framework/sf_el_ux/ux_dcd_synergy_register_clear.o ./synergy/ssp/src/framework/sf_el_ux/ux_dcd_synergy_register_read.o ./synergy/ssp/src/framework/sf_el_ux/ux_dcd_synergy_register_set.o ./synergy/ssp/src/framework/sf_el_ux/ux_dcd_synergy_register_write.o ./synergy/ssp/src/framework/sf_el_ux/ux_dcd_synergy_transfer_abort.o ./synergy/ssp/src/framework/sf_el_ux/ux_dcd_synergy_transfer_callback.o ./synergy/ssp/src/framework/sf_el_ux/ux_dcd_synergy_transfer_request.o ./synergy/ssp/src/framework/sf_el_ux/ux_dcd_synergy_uninitialize.o ./synergy/ssp/src/framework/sf_el_ux/ux_hcd_synergy_asynch_queue_process.o ./synergy/ssp/src/framework/sf_el_ux/ux_hcd_synergy_asynch_queue_process_bemp.o ./synergy/ssp/src/framework/sf_el_ux/ux_hcd_synergy_asynch_queue_process_brdy.o ./synergy/ssp/src/framework/sf_el_ux/ux_hcd_synergy_asynch_queue_process_nrdy.o ./synergy/ssp/src/framework/sf_el_ux/ux_hcd_synergy_asynch_queue_process_sign.o ./synergy/ssp/src/framework/sf_el_ux/ux_hcd_synergy_asynch_schedule.o ./synergy/ssp/src/framework/sf_el_ux/ux_hcd_synergy_asynchronous_endpoint_create.o ./synergy/ssp/src/framework/sf_el_ux/ux_hcd_synergy_asynchronous_endpoint_destroy.o ./synergy/ssp/src/framework/sf_el_ux/ux_hcd_synergy_buffer_empty_interrupt.o ./synergy/ssp/src/framework/sf_el_ux/ux_hcd_synergy_buffer_notready_interrupt.o ./synergy/ssp/src/framework/sf_el_ux/ux_hcd_synergy_buffer_read.o ./synergy/ssp/src/framework/sf_el_ux/ux_hcd_synergy_buffer_ready_interrupt.o ./synergy/ssp/src/framework/sf_el_ux/ux_hcd_synergy_buffer_write.o ./synergy/ssp/src/framework/sf_el_ux/ux_hcd_synergy_bulk_endpoint_create.o ./synergy/ssp/src/framework/sf_el_ux/ux_hcd_synergy_bulk_int_td_add.o ./synergy/ssp/src/framework/sf_el_ux/ux_hcd_synergy_control_endpoint_create.o ./synergy/ssp/src/framework/sf_el_ux/ux_hcd_synergy_control_td_add.o ./synergy/ssp/src/framework/sf_el_ux/ux_hcd_synergy_controller_disable.o ./synergy/ssp/src/framework/sf_el_ux/ux_hcd_synergy_current_endpoint_change.o ./synergy/ssp/src/framework/sf_el_ux/ux_hcd_synergy_data_buffer_size.o ./synergy/ssp/src/framework/sf_el_ux/ux_hcd_synergy_ed_obtain.o ./synergy/ssp/src/framework/sf_el_ux/ux_hcd_synergy_ed_td_clean.o ./synergy/ssp/src/framework/sf_el_ux/ux_hcd_synergy_endpoint_nak_set.o ./synergy/ssp/src/framework/sf_el_ux/ux_hcd_synergy_endpoint_reset.o ./synergy/ssp/src/framework/sf_el_ux/ux_hcd_synergy_entry.o ./synergy/ssp/src/framework/sf_el_ux/ux_hcd_synergy_fifo_port_change.o ./synergy/ssp/src/framework/sf_el_ux/ux_hcd_synergy_fifo_read.o ./synergy/ssp/src/framework/sf_el_ux/ux_hcd_synergy_fifoc_write.o ./synergy/ssp/src/framework/sf_el_ux/ux_hcd_synergy_fifod_write.o ./synergy/ssp/src/framework/sf_el_ux/ux_hcd_synergy_frame_number_get.o ./synergy/ssp/src/framework/sf_el_ux/ux_hcd_synergy_frame_number_set.o ./synergy/ssp/src/framework/sf_el_ux/ux_hcd_synergy_initialize.o ./synergy/ssp/src/framework/sf_el_ux/ux_hcd_synergy_interrupt_endpoint_create.o ./synergy/ssp/src/framework/sf_el_ux/ux_hcd_synergy_interrupt_handler.o ./synergy/ssp/src/framework/sf_el_ux/ux_hcd_synergy_iso_queue_process.o ./synergy/ssp/src/framework/sf_el_ux/ux_hcd_synergy_iso_queue_process_bemp.o ./synergy/ssp/src/framework/sf_el_ux/ux_hcd_synergy_iso_queue_process_brdy.o ./synergy/ssp/src/framework/sf_el_ux/ux_hcd_synergy_iso_queue_process_nrdy.o ./synergy/ssp/src/framework/sf_el_ux/ux_hcd_synergy_iso_schedule.o ./synergy/ssp/src/framework/sf_el_ux/ux_hcd_synergy_iso_td_add.o ./synergy/ssp/src/framework/sf_el_ux/ux_hcd_synergy_isochronous_endpoint_create.o ./synergy/ssp/src/framework/sf_el_ux/ux_hcd_synergy_isochronous_td_obtain.o ./synergy/ssp/src/framework/sf_el_ux/ux_hcd_synergy_least_traffic_list_get.o ./synergy/ssp/src/framework/sf_el_ux/ux_hcd_synergy_periodic_endpoint_destroy.o ./synergy/ssp/src/framework/sf_el_ux/ux_hcd_synergy_periodic_schedule.o ./synergy/ssp/src/framework/sf_el_ux/ux_hcd_synergy_periodic_tree_create.o ./synergy/ssp/src/framework/sf_el_ux/ux_hcd_synergy_port_disable.o ./synergy/ssp/src/framework/sf_el_ux/ux_hcd_synergy_port_enable.o ./synergy/ssp/src/framework/sf_el_ux/ux_hcd_synergy_port_reset.o ./synergy/ssp/src/framework/sf_el_ux/ux_hcd_synergy_port_resume.o ./synergy/ssp/src/framework/sf_el_ux/ux_hcd_synergy_port_status_get.o ./synergy/ssp/src/framework/sf_el_ux/ux_hcd_synergy_port_suspend.o ./synergy/ssp/src/framework/sf_el_ux/ux_hcd_synergy_power_down_port.o ./synergy/ssp/src/framework/sf_el_ux/ux_hcd_synergy_power_on_port.o ./synergy/ssp/src/framework/sf_el_ux/ux_hcd_synergy_power_root_hubs.o ./synergy/ssp/src/framework/sf_el_ux/ux_hcd_synergy_register_clear.o ./synergy/ssp/src/framework/sf_el_ux/ux_hcd_synergy_register_read.o ./synergy/ssp/src/framework/sf_el_ux/ux_hcd_synergy_register_set.o ./synergy/ssp/src/framework/sf_el_ux/ux_hcd_synergy_register_write.o ./synergy/ssp/src/framework/sf_el_ux/ux_hcd_synergy_regular_td_obtain.o ./synergy/ssp/src/framework/sf_el_ux/ux_hcd_synergy_request_bulk_transfer.o ./synergy/ssp/src/framework/sf_el_ux/ux_hcd_synergy_request_control_transfer.o ./synergy/ssp/src/framework/sf_el_ux/ux_hcd_synergy_request_interupt_transfer.o ./synergy/ssp/src/framework/sf_el_ux/ux_hcd_synergy_request_isochronous_transfer.o ./synergy/ssp/src/framework/sf_el_ux/ux_hcd_synergy_request_transfer.o ./synergy/ssp/src/framework/sf_el_ux/ux_hcd_synergy_td_add.o ./synergy/ssp/src/framework/sf_el_ux/ux_hcd_synergy_transfer_abort.o ./synergy/ssp/src/framework/sf_el_ux/ux_hcd_synergy_uninitialize.o ./synergy/ssp/src/framework/sf_el_nx/phy/ether_phy.o ./synergy/ssp/src/framework/sf_el_nx/enet_irq_veneer.o ./synergy/ssp/src/framework/sf_el_nx/nx_hw_init.o ./synergy/ssp/src/framework/sf_el_nx/nx_renesas_synergy.o ./synergy/ssp/src/framework/sf_el_gx/gx_display_driver_synergy_dave2d.o ./synergy/ssp/src/framework/sf_el_gx/gx_display_driver_synergy_dave2d_8bit_palette.o ./synergy/ssp/src/framework/sf_el_gx/gx_display_driver_synergy_dave2d_8bit_palette_rotated.o ./synergy/ssp/src/framework/sf_el_gx/gx_display_driver_synergy_dave2d_rotated.o ./synergy/ssp/src/framework/sf_el_gx/sf_el_gx.o ./synergy/ssp/src/framework/sf_crypto_trng/sf_crypto_trng.o ./synergy/ssp/src/framework/sf_crypto_hash/sf_crypto_hash.o ./synergy/ssp/src/framework/sf_crypto/sf_crypto.o ./synergy/ssp/src/framework/sf_crypto/sf_crypto_private.o ./synergy/ssp/src/framework/el/nxd_application_layer/nxd_http_server/nxd_http_server.o ./synergy/ssp/src/framework/el/nxd_application_layer/nxd_dhcp/nxd_dhcp_client.o ./synergy/ssp/src/framework/el/nxd_application_layer/nxd_dhcp/nxd_dhcpv6_client.o ./synergy/ssp/src/framework/el/nx_md5/nx_md5.o ./synergy/ssp/src/driver/r_sci_spi/r_sci_spi.o ./synergy/ssp/src/driver/r_riic/r_riic.o ./synergy/ssp/src/driver/r_qspi/r_qspi.o ./synergy/ssp/src/driver/r_jpeg_decode/r_jpeg_decode.o ./synergy/ssp/src/driver/r_jpeg_common/r_jpeg_common.o ./synergy/ssp/src/driver/r_ioport/r_ioport.o ./synergy/ssp/src/driver/r_icu/r_icu.o ./synergy/ssp/src/driver/r_glcd/r_glcd.o ./synergy/ssp/src/driver/r_elc/r_elc.o ./synergy/ssp/src/driver/r_dtc/r_dtc.o ./synergy/ssp/src/driver/r_dmac/r_dmac.o ./synergy/ssp/src/driver/r_cgc/r_cgc.o ./synergy/ssp/src/bsp/mcu/s7g2/bsp_cache.o ./synergy/ssp/src/bsp/mcu/s7g2/bsp_clocks.o ./synergy/ssp/src/bsp/mcu/s7g2/bsp_feature.o ./synergy/ssp/src/bsp/mcu/s7g2/bsp_group_irq.o ./synergy/ssp/src/bsp/mcu/s7g2/bsp_hw_locks.o ./synergy/ssp/src/bsp/mcu/s7g2/bsp_module_stop.o ./synergy/ssp/src/bsp/mcu/s7g2/bsp_rom_registers.o ./synergy/ssp/src/bsp/mcu/all/bsp_common.o ./synergy/ssp/src/bsp/mcu/all/bsp_common_leds.o ./synergy/ssp/src/bsp/mcu/all/bsp_delay.o ./synergy/ssp/src/bsp/mcu/all/bsp_irq.o ./synergy/ssp/src/bsp/mcu/all/bsp_locking.o ./synergy/ssp/src/bsp/mcu/all/bsp_register_protection.o ./synergy/ssp/src/bsp/mcu/all/bsp_sbrk.o ./synergy/ssp/src/bsp/cmsis/Device/RENESAS/S7G2/Source/startup_S7G2.o ./synergy/ssp/src/bsp/cmsis/Device/RENESAS/S7G2/Source/system_S7G2.o ./synergy/board/s7g2_sk/bsp_init.o ./synergy/board/s7g2_sk/bsp_leds.o ./synergy/board/s7g2_sk/bsp_qspi.o ./src/synergy_gen/common_data.o ./src/synergy_gen/hal_data.o ./src/synergy_gen/main.o ./src/synergy_gen/main_thread.o ./src/synergy_gen/network_thread.o ./src/synergy_gen/pin_data.o ./src/synergy_gen/usb_thread.o ./src/led_control/led.o ./src/hardware/lcd_setup.o ./src/gui/guiapp_resources.o ./src/gui/guiapp_specifications.o ./src/auth_manager.o ./src/auth_qspi_store.o ./src/guiapp_event_handlers.o ./src/hal_entry.o ./src/http_server_user.o ./src/main_thread_entry.o ./src/network_thread_entry.o ./src/sha256_mini.o ./src/usb_thread_entry.o GUIApp.srec GUIApp.srec GUIApp.srec GUIApp.srec GUIApp.srec GUIApp.srec GUIApp.srec GUIApp.srec GUIApp.srec GUIApp.srec GUIApp.srec GUIApp.srec GUIApp.srec GUIApp.srec GUIApp.srec GUIApp.srec GUIApp.srec GUIApp.srec GUIApp.srec GUIApp.srec GUIApp.srec GUIApp.srec GUIApp.srec GUIApp.srec GUIApp.srec GUIApp.srec GUIApp.srec GUIApp.srec GUIApp.srec GUIApp.srec GUIApp.srec GUIApp.srec GUIApp.srec GUIApp.srec GUIApp.srec GUIApp.srec GUIApp.srec GUIApp.srec GUIApp.srec GUIApp.map GUIApp.map GUIApp.map GUIApp.map GUIApp.map GUIApp.map GUIApp.map GUIApp.map GUIApp.map GUIApp.map GUIApp.map GUIApp.map GUIApp.map GUIApp.map GUIApp.map GUIApp.map GUIApp.map GUIApp.map GUIApp.map GUIApp.map GUIApp.map GUIApp.map GUIApp.map GUIApp.map GUIApp.map GUIApp.map GUIApp.map GUIApp.map GUIApp.map GUIApp.map GUIApp.map GUIApp.map GUIApp.map GUIApp.map GUIApp.map GUIApp.map GUIApp.map GUIApp.map
rm -rf  GUIApp.elf
 
22:33:49 **** Build of configuration Debug for project GUIApp ****
make -r -j12 all 
Building file: ../synergy/ssp_supplemental/touch_drivers/touch_panel_chip_sx8654/sf_touch_panel_chip_sx8654.c
Building file: ../synergy/ssp/src/framework/tes/dave2d/dave_64bitoperation.c
Building file: ../synergy/ssp/src/framework/tes/dave2d/dave_base.c
Building file: ../synergy/ssp/src/framework/tes/dave2d/dave_blit.c
Building file: ../synergy/ssp/src/framework/tes/dave2d/dave_box.c
Building file: ../synergy/ssp/src/framework/tes/dave2d/dave_circle.c
Building file: ../synergy/ssp/src/framework/tes/dave2d/dave_context.c
Building file: ../synergy/ssp/src/framework/tes/dave2d/dave_curve.c
Building file: ../synergy/ssp/src/framework/tes/dave2d/dave_dlist.c
Building file: ../synergy/ssp/src/framework/tes/dave2d/dave_driver.c
Building file: ../synergy/ssp/src/framework/tes/dave2d/dave_edge.c
Building file: ../synergy/ssp/src/framework/tes/dave2d/dave_errorcodes.c
In file included from C:/Users/MSI-VAMPIRIC/Desktop/s7g2/GUIApp/synergy/ssp/inc/framework/tes/dave_driver.h:659,
                 from ../synergy/ssp/src/framework/tes/dave2d/dave_edge.c:15:
../synergy/ssp/src/framework/tes/dave2d/dave_edge.c: In function 'd2_lineedge_setup3_intern':
C:/Users/MSI-VAMPIRIC/Desktop/s7g2/GUIApp/synergy/ssp/inc/framework/tes/dave_math.h:52:30: warning: left shift of negative value [-Wshift-negative-value]
   52 | #define D2_FIX16(x)     ((x) << 16)                         /* PRQA S 4131 */ /* $Misra: #PERF_ARITHMETIC_SHIFT_LEFT $*/
      |                              ^~
../synergy/ssp/src/framework/tes/dave2d/dave_edge.c:173:18: note: in expansion of macro 'D2_FIX16'
  173 |             ya = D2_FIX16( -1 );                                       /* PRQA S 4131 */ /* $Misra: #PERF_ARITHMETIC_SHIFT_LEFT $*/
      |                  ^~~~~~~~
C:/Users/MSI-VAMPIRIC/Desktop/s7g2/GUIApp/synergy/ssp/inc/framework/tes/dave_math.h:52:30: warning: left shift of negative value [-Wshift-negative-value]
   52 | #define D2_FIX16(x)     ((x) << 16)                         /* PRQA S 4131 */ /* $Misra: #PERF_ARITHMETIC_SHIFT_LEFT $*/
      |                              ^~
../synergy/ssp/src/framework/tes/dave2d/dave_edge.c:213:18: note: in expansion of macro 'D2_FIX16'
  213 |             ya = D2_FIX16( -1 );                                     /* PRQA S 4131 */ /* $Misra: #PERF_ARITHMETIC_SHIFT_LEFT $*/
      |                  ^~~~~~~~
C:/Users/MSI-VAMPIRIC/Desktop/s7g2/GUIApp/synergy/ssp/inc/framework/tes/dave_math.h:52:30: warning: left shift of negative value [-Wshift-negative-value]
   52 | #define D2_FIX16(x)     ((x) << 16)                         /* PRQA S 4131 */ /* $Misra: #PERF_ARITHMETIC_SHIFT_LEFT $*/
      |                              ^~
../synergy/ssp/src/framework/tes/dave2d/dave_edge.c:230:18: note: in expansion of macro 'D2_FIX16'
  230 |             xa = D2_FIX16( -1 );                                    /* PRQA S 4131 */ /* $Misra: #PERF_ARITHMETIC_SHIFT_LEFT $*/
      |                  ^~~~~~~~
C:/Users/MSI-VAMPIRIC/Desktop/s7g2/GUIApp/synergy/ssp/inc/framework/tes/dave_math.h:52:30: warning: left shift of negative value [-Wshift-negative-value]
   52 | #define D2_FIX16(x)     ((x) << 16)                         /* PRQA S 4131 */ /* $Misra: #PERF_ARITHMETIC_SHIFT_LEFT $*/
      |                              ^~
../synergy/ssp/src/framework/tes/dave2d/dave_edge.c:313:18: note: in expansion of macro 'D2_FIX16'
  313 |             xa = D2_FIX16( -1 );                                    /* PRQA S 4131 */ /* $Misra: #PERF_ARITHMETIC_SHIFT_LEFT $*/
      |                  ^~~~~~~~
In file included from ../synergy/ssp/src/framework/tes/dave2d/dave_intern.h:104,
                 from ../synergy/ssp/src/framework/tes/dave2d/dave_box.c:20:
../synergy/ssp/src/framework/tes/dave2d/dave_box.c: In function 'd2_renderbox_inline':
C:/Users/MSI-VAMPIRIC/Desktop/s7g2/GUIApp/synergy/ssp/inc/framework/tes/dave_math.h:52:30: warning: left shift of negative value [-Wshift-negative-value]
   52 | #define D2_FIX16(x)     ((x) << 16)                         /* PRQA S 4131 */ /* $Misra: #PERF_ARITHMETIC_SHIFT_LEFT $*/
      |                              ^~
../synergy/ssp/src/framework/tes/dave2d/dave_dlist.h:30:63: note: in definition of macro 'D2_DLISTWRITES'
   30 | #define D2_DLISTWRITES(x, y)  d2_add2dlist_intern( handle, x, y )             /* PRQA S 3453 */ /* $Misra: #MACRO_FXN_FORWARD $*/
      |                                                               ^
../synergy/ssp/src/framework/tes/dave2d/dave_box.c:123:41: note: in expansion of macro 'D2_FIX16'
  123 |             D2_DLISTWRITES( D2_L2YADD , D2_FIX16(-1) );   /* PRQA S 4131 */ /* $Misra: #PERF_ARITHMETIC_SHIFT_LEFT $*/
      |                                         ^~~~~~~~
C:/Users/MSI-VAMPIRIC/Desktop/s7g2/GUIApp/synergy/ssp/inc/framework/tes/dave_math.h:52:30: warning: left shift of negative value [-Wshift-negative-value]
   52 | #define D2_FIX16(x)     ((x) << 16)                         /* PRQA S 4131 */ /* $Misra: #PERF_ARITHMETIC_SHIFT_LEFT $*/
      |                              ^~
../synergy/ssp/src/framework/tes/dave2d/dave_dlist.h:30:63: note: in definition of macro 'D2_DLISTWRITES'
   30 | #define D2_DLISTWRITES(x, y)  d2_add2dlist_intern( handle, x, y )             /* PRQA S 3453 */ /* $Misra: #MACRO_FXN_FORWARD $*/
      |                                                               ^
../synergy/ssp/src/framework/tes/dave2d/dave_box.c:138:41: note: in expansion of macro 'D2_FIX16'
  138 |             D2_DLISTWRITES( D2_L2XADD , D2_FIX16(-1) );  /* PRQA S 4131 */ /* $Misra: #PERF_ARITHMETIC_SHIFT_LEFT $*/
      |                                         ^~~~~~~~
C:/Users/MSI-VAMPIRIC/Desktop/s7g2/GUIApp/synergy/ssp/inc/framework/tes/dave_math.h:52:30: warning: left shift of negative value [-Wshift-negative-value]
   52 | #define D2_FIX16(x)     ((x) << 16)                         /* PRQA S 4131 */ /* $Misra: #PERF_ARITHMETIC_SHIFT_LEFT $*/
      |                              ^~
../synergy/ssp/src/framework/tes/dave2d/dave_dlist.h:30:63: note: in definition of macro 'D2_DLISTWRITES'
   30 | #define D2_DLISTWRITES(x, y)  d2_add2dlist_intern( handle, x, y )             /* PRQA S 3453 */ /* $Misra: #MACRO_FXN_FORWARD $*/
      |                                                               ^
../synergy/ssp/src/framework/tes/dave2d/dave_box.c:152:41: note: in expansion of macro 'D2_FIX16'
  152 |             D2_DLISTWRITES( D2_L2XADD , D2_FIX16(-1) );  /* PRQA S 4131 */ /* $Misra: #PERF_ARITHMETIC_SHIFT_LEFT $*/
      |                                         ^~~~~~~~
../synergy/ssp/src/framework/tes/dave2d/dave_edge.c: In function 'd2_triedge_setup_intern':
C:/Users/MSI-VAMPIRIC/Desktop/s7g2/GUIApp/synergy/ssp/inc/framework/tes/dave_math.h:52:30: warning: left shift of negative value [-Wshift-negative-value]
   52 | #define D2_FIX16(x)     ((x) << 16)                         /* PRQA S 4131 */ /* $Misra: #PERF_ARITHMETIC_SHIFT_LEFT $*/
      |                              ^~
../synergy/ssp/src/framework/tes/dave2d/dave_dlist.h:30:63: note: in definition of macro 'D2_DLISTWRITES'
   30 | #define D2_DLISTWRITES(x, y)  d2_add2dlist_intern( handle, x, y )             /* PRQA S 3453 */ /* $Misra: #MACRO_FXN_FORWARD $*/
      |                                                               ^
../synergy/ssp/src/framework/tes/dave2d/dave_box.c:161:41: note: in expansion of macro 'D2_FIX16'
  161 |             D2_DLISTWRITES( D2_L4YADD , D2_FIX16(-1) );  /* PRQA S 4131 */ /* $Misra: #PERF_ARITHMETIC_SHIFT_LEFT $*/
      |                                         ^~~~~~~~
../synergy/ssp/src/framework/tes/dave2d/dave_blit.c: In function 'd2_blitcopy':
C:/Users/MSI-VAMPIRIC/Desktop/s7g2/GUIApp/synergy/ssp/inc/framework/tes/dave_math.h:52:30: warning: left shift of negative value [-Wshift-negative-value]
   52 | #define D2_FIX16(x)     ((x) << 16)                         /* PRQA S 4131 */ /* $Misra: #PERF_ARITHMETIC_SHIFT_LEFT $*/
      |                              ^~
../synergy/ssp/src/framework/tes/dave2d/dave_edge.c:371:18: note: in expansion of macro 'D2_FIX16'
  371 |             ya = D2_FIX16( -1 );                      /* PRQA S 4131 */ /* $Misra: #PERF_ARITHMETIC_SHIFT_LEFT $*/
      |                  ^~~~~~~~
C:/Users/MSI-VAMPIRIC/Desktop/s7g2/GUIApp/synergy/ssp/inc/framework/tes/dave_math.h:52:30: warning: left shift of negative value [-Wshift-negative-value]
   52 | #define D2_FIX16(x)     ((x) << 16)                         /* PRQA S 4131 */ /* $Misra: #PERF_ARITHMETIC_SHIFT_LEFT $*/
      |                              ^~
../synergy/ssp/src/framework/tes/dave2d/dave_edge.c:384:18: note: in expansion of macro 'D2_FIX16'
  384 |             ya = D2_FIX16( -1 );                      /* PRQA S 4131 */ /* $Misra: #PERF_ARITHMETIC_SHIFT_LEFT $*/
      |                  ^~~~~~~~
C:/Users/MSI-VAMPIRIC/Desktop/s7g2/GUIApp/synergy/ssp/inc/framework/tes/dave_math.h:52:30: warning: left shift of negative value [-Wshift-negative-value]
   52 | #define D2_FIX16(x)     ((x) << 16)                         /* PRQA S 4131 */ /* $Misra: #PERF_ARITHMETIC_SHIFT_LEFT $*/
      |                              ^~
../synergy/ssp/src/framework/tes/dave2d/dave_edge.c:391:18: note: in expansion of macro 'D2_FIX16'
  391 |             xa = D2_FIX16( -1 );                      /* PRQA S 4131 */ /* $Misra: #PERF_ARITHMETIC_SHIFT_LEFT $*/
      |                  ^~~~~~~~
C:/Users/MSI-VAMPIRIC/Desktop/s7g2/GUIApp/synergy/ssp/inc/framework/tes/dave_math.h:52:30: warning: left shift of negative value [-Wshift-negative-value]
   52 | #define D2_FIX16(x)     ((x) << 16)                         /* PRQA S 4131 */ /* $Misra: #PERF_ARITHMETIC_SHIFT_LEFT $*/
      |                              ^~
../synergy/ssp/src/framework/tes/dave2d/dave_edge.c:439:18: note: in expansion of macro 'D2_FIX16'
  439 |             xa = D2_FIX16( -1 );                     /* PRQA S 4131 */ /* $Misra: #PERF_ARITHMETIC_SHIFT_LEFT $*/
      |                  ^~~~~~~~
../synergy/ssp/src/framework/tes/dave2d/dave_blit.c:284:13: warning: unsigned conversion from 'int' to 'd2_u32' {aka 'unsigned int'} changes value from '-9' to '4294967287' [-Wsign-conversion]
  284 |       flags &= ~ d2_tm_filterv;
      |             ^~
../synergy/ssp/src/framework/tes/dave2d/dave_blit.c:417:33: warning: this statement may fall through [-Wimplicit-fallthrough=]
  417 |             blitcontext->texbpp = 1;
      |             ~~~~~~~~~~~~~~~~~~~~^~~
../synergy/ssp/src/framework/tes/dave2d/dave_blit.c:419:10: note: here
  419 |          case d2_mode_alpha8 :
      |          ^~~~
Building file: ../synergy/ssp/src/framework/tes/dave2d/dave_gradient.c
Building file: ../synergy/ssp/src/framework/tes/dave2d/dave_hardware.c
Building file: ../synergy/ssp/src/framework/tes/dave2d/dave_line.c
Building file: ../synergy/ssp/src/framework/tes/dave2d/dave_math.c
Building file: ../synergy/ssp/src/framework/tes/dave2d/dave_memory.c
Building file: ../synergy/ssp/src/framework/tes/dave2d/dave_pattern.c
Building file: ../synergy/ssp/src/framework/tes/dave2d/dave_perfcount.c
Building file: ../synergy/ssp/src/framework/tes/dave2d/dave_quad.c
Building file: ../synergy/ssp/src/framework/tes/dave2d/dave_polyline.c
Building file: ../synergy/ssp/src/framework/tes/dave2d/dave_rbuffer.c
Building file: ../synergy/ssp/src/framework/tes/dave2d/dave_render.c
Building file: ../synergy/ssp/src/framework/tes/dave2d/dave_texture.c
Building file: ../synergy/ssp/src/framework/tes/dave2d/dave_triangle.c
Building file: ../synergy/ssp/src/framework/tes/dave2d/dave_utility.c
Building file: ../synergy/ssp/src/framework/tes/dave2d/dave_viewport.c
Building file: ../synergy/ssp/src/framework/tes/dave2d/dave_wedge.c
Building file: ../synergy/ssp/src/framework/sf_touch_panel_v2/sf_touch_panel_v2.c
Building file: ../synergy/ssp/src/framework/sf_tes_2d_drw/sf_tes_2d_drw_base.c
Building file: ../synergy/ssp/src/framework/sf_tes_2d_drw/sf_tes_2d_drw_irq.c
Building file: ../synergy/ssp/src/framework/sf_tes_2d_drw/sf_tes_2d_drw_memory.c
Building file: ../synergy/ssp/src/framework/sf_i2c/sf_i2c.c
Building file: ../synergy/ssp/src/framework/sf_jpeg_decode/sf_jpeg_decode.c
Building file: ../synergy/ssp/src/framework/sf_external_irq/sf_external_irq.c
Building file: ../synergy/ssp/src/framework/sf_el_ux/usb_irq_veneer.c
Building file: ../synergy/ssp/src/framework/sf_el_ux/usbfs_irq_veneer.c
Building file: ../synergy/ssp/src/framework/sf_el_ux/ux_dcd_synergy_buffer_empty_interrupt.c
Building file: ../synergy/ssp/src/framework/sf_el_ux/ux_dcd_synergy_buffer_notready_interrupt.c
Building file: ../synergy/ssp/src/framework/sf_el_ux/ux_dcd_synergy_buffer_read.c
Building file: ../synergy/ssp/src/framework/sf_el_ux/ux_dcd_synergy_buffer_ready_interrupt.c
Building file: ../synergy/ssp/src/framework/sf_el_ux/ux_dcd_synergy_current_endpoint_change.c
Building file: ../synergy/ssp/src/framework/sf_el_ux/ux_dcd_synergy_buffer_write.c
Building file: ../synergy/ssp/src/framework/sf_el_ux/ux_dcd_synergy_data_buffersize.c
Building file: ../synergy/ssp/src/framework/sf_el_ux/ux_dcd_synergy_endpoint_create.c
Building file: ../synergy/ssp/src/framework/sf_el_ux/ux_dcd_synergy_endpoint_destroy.c
Building file: ../synergy/ssp/src/framework/sf_el_ux/ux_dcd_synergy_endpoint_nak_set.c
Building file: ../synergy/ssp/src/framework/sf_el_ux/ux_dcd_synergy_endpoint_reset.c
Building file: ../synergy/ssp/src/framework/sf_el_ux/ux_dcd_synergy_endpoint_stall.c
Building file: ../synergy/ssp/src/framework/sf_el_ux/ux_dcd_synergy_endpoint_status.c
Building file: ../synergy/ssp/src/framework/sf_el_ux/ux_dcd_synergy_fifo_port_change.c
Building file: ../synergy/ssp/src/framework/sf_el_ux/ux_dcd_synergy_fifo_read.c
Building file: ../synergy/ssp/src/framework/sf_el_ux/ux_dcd_synergy_fifoc_write.c
Building file: ../synergy/ssp/src/framework/sf_el_ux/ux_dcd_synergy_fifod_write.c
Building file: ../synergy/ssp/src/framework/sf_el_ux/ux_dcd_synergy_frame_number_get.c
Building file: ../synergy/ssp/src/framework/sf_el_ux/ux_dcd_synergy_function.c
Building file: ../synergy/ssp/src/framework/sf_el_ux/ux_dcd_synergy_initialize.c
Building file: ../synergy/ssp/src/framework/sf_el_ux/ux_dcd_synergy_interrupt_handler.c
Building file: ../synergy/ssp/src/framework/sf_el_ux/ux_dcd_synergy_register_clear.c
Building file: ../synergy/ssp/src/framework/sf_el_ux/ux_dcd_synergy_initialize_complete.c
Building file: ../synergy/ssp/src/framework/sf_el_ux/ux_dcd_synergy_register_read.c
Building file: ../synergy/ssp/src/framework/sf_el_ux/ux_dcd_synergy_register_set.c
Building file: ../synergy/ssp/src/framework/sf_el_ux/ux_dcd_synergy_register_write.c
Building file: ../synergy/ssp/src/framework/sf_el_ux/ux_dcd_synergy_transfer_callback.c
Building file: ../synergy/ssp/src/framework/sf_el_ux/ux_dcd_synergy_transfer_abort.c
Building file: ../synergy/ssp/src/framework/sf_el_ux/ux_dcd_synergy_transfer_request.c
Building file: ../synergy/ssp/src/framework/sf_el_ux/ux_dcd_synergy_uninitialize.c
Building file: ../synergy/ssp/src/framework/sf_el_ux/ux_hcd_synergy_asynch_queue_process.c
Building file: ../synergy/ssp/src/framework/sf_el_ux/ux_hcd_synergy_asynch_queue_process_brdy.c
Building file: ../synergy/ssp/src/framework/sf_el_ux/ux_hcd_synergy_asynch_queue_process_bemp.c
Building file: ../synergy/ssp/src/framework/sf_el_ux/ux_hcd_synergy_asynch_queue_process_nrdy.c
Building file: ../synergy/ssp/src/framework/sf_el_ux/ux_hcd_synergy_asynch_queue_process_sign.c
Building file: ../synergy/ssp/src/framework/sf_el_ux/ux_hcd_synergy_asynch_schedule.c
Building file: ../synergy/ssp/src/framework/sf_el_ux/ux_hcd_synergy_asynchronous_endpoint_create.c
Building file: ../synergy/ssp/src/framework/sf_el_ux/ux_hcd_synergy_asynchronous_endpoint_destroy.c
Building file: ../synergy/ssp/src/framework/sf_el_ux/ux_hcd_synergy_buffer_notready_interrupt.c
Building file: ../synergy/ssp/src/framework/sf_el_ux/ux_hcd_synergy_buffer_empty_interrupt.c
Building file: ../synergy/ssp/src/framework/sf_el_ux/ux_hcd_synergy_buffer_ready_interrupt.c
Building file: ../synergy/ssp/src/framework/sf_el_ux/ux_hcd_synergy_buffer_read.c
Building file: ../synergy/ssp/src/framework/sf_el_ux/ux_hcd_synergy_buffer_write.c
Building file: ../synergy/ssp/src/framework/sf_el_ux/ux_hcd_synergy_bulk_endpoint_create.c
Building file: ../synergy/ssp/src/framework/sf_el_ux/ux_hcd_synergy_bulk_int_td_add.c
Building file: ../synergy/ssp/src/framework/sf_el_ux/ux_hcd_synergy_control_endpoint_create.c
Building file: ../synergy/ssp/src/framework/sf_el_ux/ux_hcd_synergy_control_td_add.c
Building file: ../synergy/ssp/src/framework/sf_el_ux/ux_hcd_synergy_controller_disable.c
Building file: ../synergy/ssp/src/framework/sf_el_ux/ux_hcd_synergy_current_endpoint_change.c
Building file: ../synergy/ssp/src/framework/sf_el_ux/ux_hcd_synergy_ed_obtain.c
Building file: ../synergy/ssp/src/framework/sf_el_ux/ux_hcd_synergy_data_buffer_size.c
Building file: ../synergy/ssp/src/framework/sf_el_ux/ux_hcd_synergy_ed_td_clean.c
Building file: ../synergy/ssp/src/framework/sf_el_ux/ux_hcd_synergy_endpoint_nak_set.c
Building file: ../synergy/ssp/src/framework/sf_el_ux/ux_hcd_synergy_endpoint_reset.c
Building file: ../synergy/ssp/src/framework/sf_el_ux/ux_hcd_synergy_entry.c
Building file: ../synergy/ssp/src/framework/sf_el_ux/ux_hcd_synergy_fifo_port_change.c
Building file: ../synergy/ssp/src/framework/sf_el_ux/ux_hcd_synergy_fifo_read.c
Building file: ../synergy/ssp/src/framework/sf_el_ux/ux_hcd_synergy_fifoc_write.c
Building file: ../synergy/ssp/src/framework/sf_el_ux/ux_hcd_synergy_fifod_write.c
Building file: ../synergy/ssp/src/framework/sf_el_ux/ux_hcd_synergy_frame_number_get.c
Building file: ../synergy/ssp/src/framework/sf_el_ux/ux_hcd_synergy_frame_number_set.c
Building file: ../synergy/ssp/src/framework/sf_el_ux/ux_hcd_synergy_interrupt_endpoint_create.c
Building file: ../synergy/ssp/src/framework/sf_el_ux/ux_hcd_synergy_initialize.c
Building file: ../synergy/ssp/src/framework/sf_el_ux/ux_hcd_synergy_interrupt_handler.c
Building file: ../synergy/ssp/src/framework/sf_el_ux/ux_hcd_synergy_iso_queue_process.c
Building file: ../synergy/ssp/src/framework/sf_el_ux/ux_hcd_synergy_iso_queue_process_bemp.c
Building file: ../synergy/ssp/src/framework/sf_el_ux/ux_hcd_synergy_iso_queue_process_brdy.c
Building file: ../synergy/ssp/src/framework/sf_el_ux/ux_hcd_synergy_iso_queue_process_nrdy.c
Building file: ../synergy/ssp/src/framework/sf_el_ux/ux_hcd_synergy_iso_schedule.c
Building file: ../synergy/ssp/src/framework/sf_el_ux/ux_hcd_synergy_iso_td_add.c
Building file: ../synergy/ssp/src/framework/sf_el_ux/ux_hcd_synergy_isochronous_endpoint_create.c
Building file: ../synergy/ssp/src/framework/sf_el_ux/ux_hcd_synergy_isochronous_td_obtain.c
Building file: ../synergy/ssp/src/framework/sf_el_ux/ux_hcd_synergy_least_traffic_list_get.c
Building file: ../synergy/ssp/src/framework/sf_el_ux/ux_hcd_synergy_periodic_schedule.c
Building file: ../synergy/ssp/src/framework/sf_el_ux/ux_hcd_synergy_periodic_endpoint_destroy.c
Building file: ../synergy/ssp/src/framework/sf_el_ux/ux_hcd_synergy_periodic_tree_create.c
Building file: ../synergy/ssp/src/framework/sf_el_ux/ux_hcd_synergy_port_enable.c
Building file: ../synergy/ssp/src/framework/sf_el_ux/ux_hcd_synergy_port_disable.c
Building file: ../synergy/ssp/src/framework/sf_el_ux/ux_hcd_synergy_port_reset.c
Building file: ../synergy/ssp/src/framework/sf_el_ux/ux_hcd_synergy_port_resume.c
Building file: ../synergy/ssp/src/framework/sf_el_ux/ux_hcd_synergy_port_status_get.c
Building file: ../synergy/ssp/src/framework/sf_el_ux/ux_hcd_synergy_power_down_port.c
Building file: ../synergy/ssp/src/framework/sf_el_ux/ux_hcd_synergy_power_on_port.c
Building file: ../synergy/ssp/src/framework/sf_el_ux/ux_hcd_synergy_port_suspend.c
Building file: ../synergy/ssp/src/framework/sf_el_ux/ux_hcd_synergy_power_root_hubs.c
Building file: ../synergy/ssp/src/framework/sf_el_ux/ux_hcd_synergy_register_clear.c
Building file: ../synergy/ssp/src/framework/sf_el_ux/ux_hcd_synergy_register_read.c
Building file: ../synergy/ssp/src/framework/sf_el_ux/ux_hcd_synergy_register_set.c
Building file: ../synergy/ssp/src/framework/sf_el_ux/ux_hcd_synergy_register_write.c
Building file: ../synergy/ssp/src/framework/sf_el_ux/ux_hcd_synergy_regular_td_obtain.c
Building file: ../synergy/ssp/src/framework/sf_el_ux/ux_hcd_synergy_request_bulk_transfer.c
Building file: ../synergy/ssp/src/framework/sf_el_ux/ux_hcd_synergy_request_control_transfer.c
Building file: ../synergy/ssp/src/framework/sf_el_ux/ux_hcd_synergy_request_interupt_transfer.c
Building file: ../synergy/ssp/src/framework/sf_el_ux/ux_hcd_synergy_request_isochronous_transfer.c
Building file: ../synergy/ssp/src/framework/sf_el_ux/ux_hcd_synergy_td_add.c
Building file: ../synergy/ssp/src/framework/sf_el_ux/ux_hcd_synergy_transfer_abort.c
Building file: ../synergy/ssp/src/framework/sf_el_ux/ux_hcd_synergy_request_transfer.c
Building file: ../synergy/ssp/src/framework/sf_el_ux/ux_hcd_synergy_uninitialize.c
Building file: ../synergy/ssp/src/framework/sf_el_nx/phy/ether_phy.c
Building file: ../synergy/ssp/src/framework/sf_el_nx/enet_irq_veneer.c
Building file: ../synergy/ssp/src/framework/sf_el_nx/nx_hw_init.c
Building file: ../synergy/ssp/src/framework/sf_el_nx/nx_renesas_synergy.c
Building file: ../synergy/ssp/src/framework/sf_el_gx/gx_display_driver_synergy_dave2d_8bit_palette.c
Building file: ../synergy/ssp/src/framework/sf_el_gx/gx_display_driver_synergy_dave2d.c
Building file: ../synergy/ssp/src/framework/sf_el_gx/gx_display_driver_synergy_dave2d_8bit_palette_rotated.c
Building file: ../synergy/ssp/src/framework/sf_el_gx/gx_display_driver_synergy_dave2d_rotated.c
Building file: ../synergy/ssp/src/framework/sf_el_gx/sf_el_gx.c
Building file: ../synergy/ssp/src/framework/sf_crypto_trng/sf_crypto_trng.c
Building file: ../synergy/ssp/src/framework/sf_crypto_hash/sf_crypto_hash.c
Building file: ../synergy/ssp/src/framework/sf_crypto/sf_crypto.c
Building file: ../synergy/ssp/src/framework/sf_crypto/sf_crypto_private.c
Building file: ../synergy/ssp/src/framework/el/nxd_application_layer/nxd_http_server/nxd_http_server.c
Building file: ../synergy/ssp/src/framework/el/nxd_application_layer/nxd_dhcp/nxd_dhcp_client.c
Building file: ../synergy/ssp/src/framework/el/nxd_application_layer/nxd_dhcp/nxd_dhcpv6_client.c
Building file: ../synergy/ssp/src/driver/r_sci_spi/r_sci_spi.c
Building file: ../synergy/ssp/src/framework/el/nx_md5/nx_md5.c
Building file: ../synergy/ssp/src/driver/r_riic/r_riic.c
Building file: ../synergy/ssp/src/driver/r_qspi/r_qspi.c
Building file: ../synergy/ssp/src/driver/r_jpeg_decode/r_jpeg_decode.c
Building file: ../synergy/ssp/src/driver/r_jpeg_common/r_jpeg_common.c
Building file: ../synergy/ssp/src/driver/r_ioport/r_ioport.c
Building file: ../synergy/ssp/src/driver/r_icu/r_icu.c
Building file: ../synergy/ssp/src/driver/r_glcd/r_glcd.c
Building file: ../synergy/ssp/src/driver/r_elc/r_elc.c
Building file: ../synergy/ssp/src/driver/r_dtc/r_dtc.c
Building file: ../synergy/ssp/src/driver/r_dmac/r_dmac.c
Building file: ../synergy/ssp/src/driver/r_cgc/r_cgc.c
Building file: ../synergy/ssp/src/bsp/mcu/s7g2/bsp_cache.c
Building file: ../synergy/ssp/src/bsp/mcu/s7g2/bsp_clocks.c
Building file: ../synergy/ssp/src/bsp/mcu/s7g2/bsp_feature.c
Building file: ../synergy/ssp/src/bsp/mcu/s7g2/bsp_group_irq.c
Building file: ../synergy/ssp/src/bsp/mcu/s7g2/bsp_hw_locks.c
Building file: ../synergy/ssp/src/bsp/mcu/s7g2/bsp_module_stop.c
Building file: ../synergy/ssp/src/bsp/mcu/s7g2/bsp_rom_registers.c
Building file: ../synergy/ssp/src/bsp/mcu/all/bsp_common.c
Building file: ../synergy/ssp/src/bsp/mcu/all/bsp_common_leds.c
Building file: ../synergy/ssp/src/bsp/mcu/all/bsp_delay.c
Building file: ../synergy/ssp/src/bsp/mcu/all/bsp_register_protection.c
Building file: ../synergy/ssp/src/bsp/mcu/all/bsp_locking.c
Building file: ../synergy/ssp/src/bsp/mcu/all/bsp_irq.c
Building file: ../synergy/ssp/src/bsp/mcu/all/bsp_sbrk.c
Building file: ../synergy/ssp/src/bsp/cmsis/Device/RENESAS/S7G2/Source/startup_S7G2.c
Building file: ../synergy/board/s7g2_sk/bsp_init.c
Building file: ../synergy/ssp/src/bsp/cmsis/Device/RENESAS/S7G2/Source/system_S7G2.c
Building file: ../synergy/board/s7g2_sk/bsp_leds.c
Building file: ../synergy/board/s7g2_sk/bsp_qspi.c
Building file: ../src/synergy_gen/common_data.c
Building file: ../src/synergy_gen/hal_data.c
Building file: ../src/synergy_gen/main.c
Building file: ../src/synergy_gen/main_thread.c
Building file: ../src/synergy_gen/network_thread.c
Building file: ../src/synergy_gen/pin_data.c
Building file: ../src/synergy_gen/usb_thread.c
Building file: ../src/led_control/led.c
Building file: ../src/hardware/lcd_setup.c
Building file: ../src/gui/guiapp_resources.c
Building file: ../src/gui/guiapp_specifications.c
Building file: ../src/auth_manager.c
Building file: ../src/auth_qspi_store.c
Building file: ../src/guiapp_event_handlers.c
../src/auth_manager.c:48:14: warning: no previous declaration for 'auth_last_qspi_err_u32' [-Wmissing-declarations]
   48 | uint32_t     auth_last_qspi_err_u32(void) { return s_last_qspi_err; }
      |              ^~~~~~~~~~~~~~~~~~~~~~
../src/auth_manager.c:260:5: warning: no previous declaration for 'auth_verify_credentials_public' [-Wmissing-declarations]
  260 | int auth_verify_credentials_public(const char *username, const char *password)
      |     ^~~~~~~~~~~~~~~~~~~~~~~~~~~~~~
../src/auth_manager.c:285:5: warning: no previous declaration for 'auth_reset_password' [-Wmissing-declarations]
  285 | int auth_reset_password(void)
      |     ^~~~~~~~~~~~~~~~~~~
../src/auth_manager.c:296:5: warning: no previous declaration for 'auth_is_configured' [-Wmissing-declarations]
  296 | int auth_is_configured(void)    { return auth_is_provisioned(); }
      |     ^~~~~~~~~~~~~~~~~~
Building file: ../src/hal_entry.c
Building file: ../src/http_server_user.c
Building file: ../src/main_thread_entry.c
Building file: ../src/network_thread_entry.c
../src/guiapp_event_handlers.c:13:13: warning: 'update_prompt_text_id' declared 'static' but never defined [-Wunused-function]
   13 | static void update_prompt_text_id(GX_WIDGET * p_widget, GX_RESOURCE_ID id, UINT string_id);
      |             ^~~~~~~~~~~~~~~~~~~~~
../src/guiapp_event_handlers.c:14:13: warning: 'update_button_text_id' declared 'static' but never defined [-Wunused-function]
   14 | static void update_button_text_id(GX_WIDGET * p_widget, GX_RESOURCE_ID id, UINT string_id);
      |             ^~~~~~~~~~~~~~~~~~~~~
../src/guiapp_event_handlers.c:8:13: warning: 'button_enabled' defined but not used [-Wunused-variable]
    8 | static bool button_enabled = false;
      |             ^~~~~~~~~~~~~~
Building file: ../src/sha256_mini.c
Building file: ../src/usb_thread_entry.c
../src/auth_qspi_store.c: In function 'auth_qspi_erase_sector':
../src/auth_qspi_store.c:49:49: warning: passing argument 2 of 'g_qspi0.p_api->erase' makes pointer from integer without a cast [-Wint-conversion]
   49 |     return g_qspi0.p_api->erase(g_qspi0.p_ctrl, addr, AUTH_QSPI_SECTOR_SIZE);
      |                                                 ^~~~
      |                                                 |
      |                                                 uint32_t {aka long unsigned int}
../src/auth_qspi_store.c:49:49: note: expected 'uint8_t *' {aka 'unsigned char *'} but argument is of type 'uint32_t' {aka 'long unsigned int'}
../src/network_thread_entry.c: In function 'wait_for_ip_address':
../src/network_thread_entry.c:74:40: warning: passing argument 2 of '_nxe_ip_address_get' discards 'volatile' qualifier from pointer target type [-Wdiscarded-qualifiers]
   74 |     status = nx_ip_address_get(&g_ip0, &g_ipv4_address, &g_ipv4_mask);
      |                                        ^~~~~~~~~~~~~~~
In file included from C:/Users/MSI-VAMPIRIC/Desktop/s7g2/GUIApp/src/synergy_gen/common_data.h:16,
                 from C:/Users/MSI-VAMPIRIC/Desktop/s7g2/GUIApp/src/synergy_gen/hal_data.h:6,
                 from C:/Users/MSI-VAMPIRIC/Desktop/s7g2/GUIApp/src/synergy_gen/network_thread.h:6,
                 from ../src/network_thread_entry.c:1:
C:/Users/MSI-VAMPIRIC/Desktop/s7g2/GUIApp/synergy/ssp/inc/framework/el/nxd/nx_api.h:3627:46: note: expected 'ULONG *' {aka 'long unsigned int *'} but argument is of type 'volatile ULONG *' {aka 'volatile long unsigned int *'}
 3627 | UINT nx_ip_address_get(NX_IP *ip_ptr, ULONG *ip_address, ULONG *network_mask);
      |                                       ~~~~~~~^~~~~~~~~~
../src/network_thread_entry.c:74:57: warning: passing argument 3 of '_nxe_ip_address_get' discards 'volatile' qualifier from pointer target type [-Wdiscarded-qualifiers]
   74 |     status = nx_ip_address_get(&g_ip0, &g_ipv4_address, &g_ipv4_mask);
      |                                                         ^~~~~~~~~~~~
In file included from C:/Users/MSI-VAMPIRIC/Desktop/s7g2/GUIApp/src/synergy_gen/common_data.h:16,
                 from C:/Users/MSI-VAMPIRIC/Desktop/s7g2/GUIApp/src/synergy_gen/hal_data.h:6,
                 from C:/Users/MSI-VAMPIRIC/Desktop/s7g2/GUIApp/src/synergy_gen/network_thread.h:6,
                 from ../src/network_thread_entry.c:1:
C:/Users/MSI-VAMPIRIC/Desktop/s7g2/GUIApp/synergy/ssp/inc/framework/el/nxd/nx_api.h:3627:65: note: expected 'ULONG *' {aka 'long unsigned int *'} but argument is of type 'volatile ULONG *' {aka 'volatile long unsigned int *'}
 3627 | UINT nx_ip_address_get(NX_IP *ip_ptr, ULONG *ip_address, ULONG *network_mask);
      |                                                          ~~~~~~~^~~~~~~~~~~~
../src/http_server_user.c: In function 'http_handle_upload_stream':
../src/http_server_user.c:836:17: warning: implicit declaration of function 'filex_set_directory_from_url_path' [-Wimplicit-function-declaration]
  836 |     fx_status = filex_set_directory_from_url_path(path);
      |                 ^~~~~~~~~~~~~~~~~~~~~~~~~~~~~~~~~
../src/http_server_user.c:836:17: warning: conversion to 'UINT' {aka 'unsigned int'} from 'int' may change the sign of the result [-Wsign-conversion]
../src/http_server_user.c: At top level:
../src/http_server_user.c:1267:13: error: conflicting types for 'filex_set_directory_from_url_path'
 1267 | static UINT filex_set_directory_from_url_path(const CHAR * url_path)
      |             ^~~~~~~~~~~~~~~~~~~~~~~~~~~~~~~~~
../src/http_server_user.c:836:17: note: previous implicit declaration of 'filex_set_directory_from_url_path' was here
  836 |     fx_status = filex_set_directory_from_url_path(path);
      |                 ^~~~~~~~~~~~~~~~~~~~~~~~~~~~~~~~~
../src/http_server_user.c: In function 'http_handle_login':
../src/http_server_user.c:1668:72: warning: null character(s) preserved in literal
 1668 |         if ((strcmp(username, ADMIN_USERNAME) == 0) && (password[0] != ' '))
      |                                                                        ^
At top level:
../src/http_server_user.c:86:13: warning: 'http_send_json_error' defined but not used [-Wunused-function]
   86 | static UINT http_send_json_error(NX_HTTP_SERVER * server_ptr,
      |             ^~~~~~~~~~~~~~~~~~~~
make: *** [src/subdir.mk:48: src/http_server_user.o] Error 1
make: *** Waiting for unfinished jobs....
"make -r -j12 all" terminated with exit code 2. Build might be incomplete.
22:35:02 **** Incremental Build of configuration Debug for project GUIApp ****
make -r -j12 all 
Building file: ../src/http_server_user.c
../src/http_server_user.c: In function 'http_handle_login':
../src/http_server_user.c:1668:72: warning: null character(s) preserved in literal
 1668 |         if ((strcmp(username, ADMIN_USERNAME) == 0) && (password[0] != ' '))
      |                                                                        ^
At top level:
../src/http_server_user.c:86:13: warning: 'http_send_json_error' defined but not used [-Wunused-function]
   86 | static UINT http_send_json_error(NX_HTTP_SERVER * server_ptr,
      |             ^~~~~~~~~~~~~~~~~~~~
Building target: GUIApp.elf
arm-none-eabi-objcopy -O srec "GUIApp.elf"  "GUIApp.srec"
arm-none-eabi-size --format=berkeley "GUIApp.elf"
   text	   data	    bss	    dec	    hex	filename
 751124	   4032	 507908	1263064	 1345d8	GUIApp.elf
22:46:30 **** Incremental Build of configuration Debug for project GUIApp ****
make -r -j12 all 
Building file: ../src/http_server_user.c
../src/http_server_user.c: In function 'http_handle_login':
../src/http_server_user.c:1668:72: warning: null character(s) preserved in literal
 1668 |         if ((strcmp(username, ADMIN_USERNAME) == 0) && (password[0] != ' '))
      |                                                                        ^
At top level:
../src/http_server_user.c:323:13: warning: 'http_send_file_download' defined but not used [-Wunused-function]
  323 | static UINT http_send_file_download(NX_HTTP_SERVER * server_ptr, const CHAR * file_path)
      |             ^~~~~~~~~~~~~~~~~~~~~~~
../src/http_server_user.c:86:13: warning: 'http_send_json_error' defined but not used [-Wunused-function]
   86 | static UINT http_send_json_error(NX_HTTP_SERVER * server_ptr,
      |             ^~~~~~~~~~~~~~~~~~~~
Building target: GUIApp.elf
arm-none-eabi-objcopy -O srec "GUIApp.elf"  "GUIApp.srec"
arm-none-eabi-size --format=berkeley "GUIApp.elf"
   text	   data	    bss	    dec	    hex	filename
 750748	   4032	 507908	1262688	 134460	GUIApp.elf
22:53:09 **** Incremental Build of configuration Debug for project GUIApp ****
make -r -j12 all 
Building file: ../src/http_server_user.c
../src/http_server_user.c: In function 'http_handle_login':
../src/http_server_user.c:1668:72: warning: null character(s) preserved in literal
 1668 |         if ((strcmp(username, ADMIN_USERNAME) == 0) && (password[0] != ' '))
      |                                                                        ^
At top level:
../src/http_server_user.c:323:13: warning: 'http_send_file_download' defined but not used [-Wunused-function]
  323 | static UINT http_send_file_download(NX_HTTP_SERVER * server_ptr, const CHAR * file_path)
      |             ^~~~~~~~~~~~~~~~~~~~~~~
../src/http_server_user.c:86:13: warning: 'http_send_json_error' defined but not used [-Wunused-function]
   86 | static UINT http_send_json_error(NX_HTTP_SERVER * server_ptr,
      |             ^~~~~~~~~~~~~~~~~~~~
../src/http_server_user.c: In function 'http_request_notify':
../src/http_server_user.c:426:58: warning: 'snprintf' output may be truncated before the last format character [-Wformat-truncation=]
  426 |         snprintf(g_breadcrumb, sizeof(g_breadcrumb), "/%s", g_current_path);
      |                                                          ^
../src/http_server_user.c:426:9: note: 'snprintf' output between 2 and 257 bytes into a destination of size 256
  426 |         snprintf(g_breadcrumb, sizeof(g_breadcrumb), "/%s", g_current_path);
      |         ^~~~~~~~~~~~~~~~~~~~~~~~~~~~~~~~~~~~~~~~~~~~~~~~~~~~~~~~~~~~~~~~~~~
../src/http_server_user.c:648:66: warning: '%s' directive output may be truncated writing up to 63 bytes into a region of size between 0 and 255 [-Wformat-truncation=]
  648 |                     snprintf(child_path, sizeof(child_path), "%s/%s", g_current_path, g_short_name);
      |                                                                  ^~                   ~~~~~~~~~~~~
../src/http_server_user.c:648:21: note: 'snprintf' output between 2 and 320 bytes into a destination of size 256
  648 |                     snprintf(child_path, sizeof(child_path), "%s/%s", g_current_path, g_short_name);
      |                     ^~~~~~~~~~~~~~~~~~~~~~~~~~~~~~~~~~~~~~~~~~~~~~~~~~~~~~~~~~~~~~~~~~~~~~~~~~~~~~~
../src/http_server_user.c:716:64: warning: '%s' directive output may be truncated writing up to 63 bytes into a region of size between 0 and 255 [-Wformat-truncation=]
  716 |                     snprintf(file_path, sizeof(file_path), "%s/%s", g_current_path, g_short_name);
      |                                                                ^~                   ~~~~~~~~~~~~
../src/http_server_user.c:716:21: note: 'snprintf' output between 2 and 320 bytes into a destination of size 256
  716 |                     snprintf(file_path, sizeof(file_path), "%s/%s", g_current_path, g_short_name);
      |                     ^~~~~~~~~~~~~~~~~~~~~~~~~~~~~~~~~~~~~~~~~~~~~~~~~~~~~~~~~~~~~~~~~~~~~~~~~~~~~
Building target: GUIApp.elf
arm-none-eabi-objcopy -O srec "GUIApp.elf"  "GUIApp.srec"
arm-none-eabi-size --format=berkeley "GUIApp.elf"
   text	   data	    bss	    dec	    hex	filename
 750940	   4032	 507908	1262880	 134520	GUIApp.elf
22:53:38 **** Incremental Build of configuration Debug for project GUIApp ****
make -r -j12 all 
Building file: ../src/http_server_user.c
../src/http_server_user.c: In function 'http_handle_login':
../src/http_server_user.c:1668:72: warning: null character(s) preserved in literal
 1668 |         if ((strcmp(username, ADMIN_USERNAME) == 0) && (password[0] != ' '))
      |                                                                        ^
At top level:
../src/http_server_user.c:1046:13: warning: 'http_handle_upload_chunk' defined but not used [-Wunused-function]
 1046 | static UINT http_handle_upload_chunk(NX_HTTP_SERVER * server_ptr,
      |             ^~~~~~~~~~~~~~~~~~~~~~~~
../src/http_server_user.c:323:13: warning: 'http_send_file_download' defined but not used [-Wunused-function]
  323 | static UINT http_send_file_download(NX_HTTP_SERVER * server_ptr, const CHAR * file_path)
      |             ^~~~~~~~~~~~~~~~~~~~~~~
../src/http_server_user.c:86:13: warning: 'http_send_json_error' defined but not used [-Wunused-function]
   86 | static UINT http_send_json_error(NX_HTTP_SERVER * server_ptr,
      |             ^~~~~~~~~~~~~~~~~~~~
../src/http_server_user.c: In function 'http_request_notify':
../src/http_server_user.c:426:58: warning: 'snprintf' output may be truncated before the last format character [-Wformat-truncation=]
  426 |         snprintf(g_breadcrumb, sizeof(g_breadcrumb), "/%s", g_current_path);
      |                                                          ^
../src/http_server_user.c:426:9: note: 'snprintf' output between 2 and 257 bytes into a destination of size 256
  426 |         snprintf(g_breadcrumb, sizeof(g_breadcrumb), "/%s", g_current_path);
      |         ^~~~~~~~~~~~~~~~~~~~~~~~~~~~~~~~~~~~~~~~~~~~~~~~~~~~~~~~~~~~~~~~~~~
../src/http_server_user.c:648:66: warning: '%s' directive output may be truncated writing up to 63 bytes into a region of size between 0 and 255 [-Wformat-truncation=]
  648 |                     snprintf(child_path, sizeof(child_path), "%s/%s", g_current_path, g_short_name);
      |                                                                  ^~                   ~~~~~~~~~~~~
../src/http_server_user.c:648:21: note: 'snprintf' output between 2 and 320 bytes into a destination of size 256
  648 |                     snprintf(child_path, sizeof(child_path), "%s/%s", g_current_path, g_short_name);
      |                     ^~~~~~~~~~~~~~~~~~~~~~~~~~~~~~~~~~~~~~~~~~~~~~~~~~~~~~~~~~~~~~~~~~~~~~~~~~~~~~~
../src/http_server_user.c:716:64: warning: '%s' directive output may be truncated writing up to 63 bytes into a region of size between 0 and 255 [-Wformat-truncation=]
  716 |                     snprintf(file_path, sizeof(file_path), "%s/%s", g_current_path, g_short_name);
      |                                                                ^~                   ~~~~~~~~~~~~
../src/http_server_user.c:716:21: note: 'snprintf' output between 2 and 320 bytes into a destination of size 256
  716 |                     snprintf(file_path, sizeof(file_path), "%s/%s", g_current_path, g_short_name);
      |                     ^~~~~~~~~~~~~~~~~~~~~~~~~~~~~~~~~~~~~~~~~~~~~~~~~~~~~~~~~~~~~~~~~~~~~~~~~~~~~
Building target: GUIApp.elf
arm-none-eabi-objcopy -O srec "GUIApp.elf"  "GUIApp.srec"
arm-none-eabi-size --format=berkeley "GUIApp.elf"
   text	   data	    bss	    dec	    hex	filename
 748632	   4032	 505100	1257764	 133124	GUIApp.elf
22:54:09 **** Incremental Build of configuration Debug for project GUIApp ****
make -r -j12 all 
arm-none-eabi-size --format=berkeley "GUIApp.elf"
   text	   data	    bss	    dec	    hex	filename
 748632	   4032	 505100	1257764	 133124	GUIApp.elf
22:56:24 **** Incremental Build of configuration Debug for project GUIApp ****
make -r -j12 all 
Building file: ../src/http_server_user.c
../src/http_server_user.c: In function 'http_handle_login':
../src/http_server_user.c:1668:72: warning: null character(s) preserved in literal
 1668 |         if ((strcmp(username, ADMIN_USERNAME) == 0) && (password[0] != ' '))
      |                                                                        ^
At top level:
../src/http_server_user.c:1046:13: warning: 'http_handle_upload_chunk' defined but not used [-Wunused-function]
 1046 | static UINT http_handle_upload_chunk(NX_HTTP_SERVER * server_ptr,
      |             ^~~~~~~~~~~~~~~~~~~~~~~~
../src/http_server_user.c:323:13: warning: 'http_send_file_download' defined but not used [-Wunused-function]
  323 | static UINT http_send_file_download(NX_HTTP_SERVER * server_ptr, const CHAR * file_path)
      |             ^~~~~~~~~~~~~~~~~~~~~~~
../src/http_server_user.c:86:13: warning: 'http_send_json_error' defined but not used [-Wunused-function]
   86 | static UINT http_send_json_error(NX_HTTP_SERVER * server_ptr,
      |             ^~~~~~~~~~~~~~~~~~~~
../src/http_server_user.c: In function 'http_request_notify':
../src/http_server_user.c:426:58: warning: 'snprintf' output may be truncated before the last format character [-Wformat-truncation=]
  426 |         snprintf(g_breadcrumb, sizeof(g_breadcrumb), "/%s", g_current_path);
      |                                                          ^
../src/http_server_user.c:426:9: note: 'snprintf' output between 2 and 257 bytes into a destination of size 256
  426 |         snprintf(g_breadcrumb, sizeof(g_breadcrumb), "/%s", g_current_path);
      |         ^~~~~~~~~~~~~~~~~~~~~~~~~~~~~~~~~~~~~~~~~~~~~~~~~~~~~~~~~~~~~~~~~~~
../src/http_server_user.c:648:66: warning: '%s' directive output may be truncated writing up to 63 bytes into a region of size between 0 and 255 [-Wformat-truncation=]
  648 |                     snprintf(child_path, sizeof(child_path), "%s/%s", g_current_path, g_short_name);
      |                                                                  ^~                   ~~~~~~~~~~~~
../src/http_server_user.c:648:21: note: 'snprintf' output between 2 and 320 bytes into a destination of size 256
  648 |                     snprintf(child_path, sizeof(child_path), "%s/%s", g_current_path, g_short_name);
      |                     ^~~~~~~~~~~~~~~~~~~~~~~~~~~~~~~~~~~~~~~~~~~~~~~~~~~~~~~~~~~~~~~~~~~~~~~~~~~~~~~
../src/http_server_user.c:716:64: warning: '%s' directive output may be truncated writing up to 63 bytes into a region of size between 0 and 255 [-Wformat-truncation=]
  716 |                     snprintf(file_path, sizeof(file_path), "%s/%s", g_current_path, g_short_name);
      |                                                                ^~                   ~~~~~~~~~~~~
../src/http_server_user.c:716:21: note: 'snprintf' output between 2 and 320 bytes into a destination of size 256
  716 |                     snprintf(file_path, sizeof(file_path), "%s/%s", g_current_path, g_short_name);
      |                     ^~~~~~~~~~~~~~~~~~~~~~~~~~~~~~~~~~~~~~~~~~~~~~~~~~~~~~~~~~~~~~~~~~~~~~~~~~~~~
Building target: GUIApp.elf
arm-none-eabi-objcopy -O srec "GUIApp.elf"  "GUIApp.srec"
arm-none-eabi-size --format=berkeley "GUIApp.elf"
   text	   data	    bss	    dec	    hex	filename
 748672	   4032	 505100	1257804	 13314c	GUIApp.elf
23:20:08 **** Incremental Build of configuration Debug for project GUIApp ****
make -r -j12 all 
Building file: ../src/http_server_user.c
../src/http_server_user.c: In function 'http_handle_upload_stream':
../src/http_server_user.c:851:13: warning: implicit declaration of function 'nx_http_server_header_value_get'; did you mean 'nx_http_server_param_get'? [-Wimplicit-function-declaration]
  851 |         if (nx_http_server_header_value_get(server_ptr,
      |             ^~~~~~~~~~~~~~~~~~~~~~~~~~~~~~~
      |             nx_http_server_param_get
../src/http_server_user.c:882:14: warning: declaration of 'path' shadows a previous local [-Wshadow]
  882 |         CHAR path[MAX_PATH_LEN + 1];
      |              ^~~~
../src/http_server_user.c:841:10: note: shadowed declaration is here
  841 |     CHAR path[MAX_PATH_LEN + 1];
      |          ^~~~
../src/http_server_user.c:883:14: warning: declaration of 'name' shadows a previous local [-Wshadow]
  883 |         CHAR name[MAX_NAME_CHARS + 1];
      |              ^~~~
../src/http_server_user.c:842:10: note: shadowed declaration is here
  842 |     CHAR name[MAX_NAME_CHARS + 1];
      |          ^~~~
../src/http_server_user.c: In function 'http_handle_login':
../src/http_server_user.c:1705:72: warning: null character(s) preserved in literal
 1705 |         if ((strcmp(username, ADMIN_USERNAME) == 0) && (password[0] != ' '))
      |                                                                        ^
At top level:
../src/http_server_user.c:323:13: warning: 'http_send_file_download' defined but not used [-Wunused-function]
  323 | static UINT http_send_file_download(NX_HTTP_SERVER * server_ptr, const CHAR * file_path)
      |             ^~~~~~~~~~~~~~~~~~~~~~~
../src/http_server_user.c:86:13: warning: 'http_send_json_error' defined but not used [-Wunused-function]
   86 | static UINT http_send_json_error(NX_HTTP_SERVER * server_ptr,
      |             ^~~~~~~~~~~~~~~~~~~~
../src/http_server_user.c: In function 'http_request_notify':
../src/http_server_user.c:426:58: warning: 'snprintf' output may be truncated before the last format character [-Wformat-truncation=]
  426 |         snprintf(g_breadcrumb, sizeof(g_breadcrumb), "/%s", g_current_path);
      |                                                          ^
../src/http_server_user.c:426:9: note: 'snprintf' output between 2 and 257 bytes into a destination of size 256
  426 |         snprintf(g_breadcrumb, sizeof(g_breadcrumb), "/%s", g_current_path);
      |         ^~~~~~~~~~~~~~~~~~~~~~~~~~~~~~~~~~~~~~~~~~~~~~~~~~~~~~~~~~~~~~~~~~~
../src/http_server_user.c:648:66: warning: '%s' directive output may be truncated writing up to 63 bytes into a region of size between 0 and 255 [-Wformat-truncation=]
  648 |                     snprintf(child_path, sizeof(child_path), "%s/%s", g_current_path, g_short_name);
      |                                                                  ^~                   ~~~~~~~~~~~~
../src/http_server_user.c:648:21: note: 'snprintf' output between 2 and 320 bytes into a destination of size 256
  648 |                     snprintf(child_path, sizeof(child_path), "%s/%s", g_current_path, g_short_name);
      |                     ^~~~~~~~~~~~~~~~~~~~~~~~~~~~~~~~~~~~~~~~~~~~~~~~~~~~~~~~~~~~~~~~~~~~~~~~~~~~~~~
../src/http_server_user.c:716:64: warning: '%s' directive output may be truncated writing up to 63 bytes into a region of size between 0 and 255 [-Wformat-truncation=]
  716 |                     snprintf(file_path, sizeof(file_path), "%s/%s", g_current_path, g_short_name);
      |                                                                ^~                   ~~~~~~~~~~~~
../src/http_server_user.c:716:21: note: 'snprintf' output between 2 and 320 bytes into a destination of size 256
  716 |                     snprintf(file_path, sizeof(file_path), "%s/%s", g_current_path, g_short_name);
      |                     ^~~~~~~~~~~~~~~~~~~~~~~~~~~~~~~~~~~~~~~~~~~~~~~~~~~~~~~~~~~~~~~~~~~~~~~~~~~~~
Building target: GUIApp.elf
c:/renesas/synergy/e2studio_v2025-01_ssp_v2.7.0/toolchains/gcc_arm/gcc-arm-none-eabi-10.3-2021.10/bin/../lib/gcc/arm-none-eabi/10.3.1/../../../../arm-none-eabi/bin/ld.exe: ./src/http_server_user.o: in function `http_handle_upload_stream':
C:\Users\MSI-VAMPIRIC\Desktop\s7g2\GUIApp\Debug/../src/http_server_user.c:851: undefined reference to `nx_http_server_header_value_get'
c:/renesas/synergy/e2studio_v2025-01_ssp_v2.7.0/toolchains/gcc_arm/gcc-arm-none-eabi-10.3-2021.10/bin/../lib/gcc/arm-none-eabi/10.3.1/../../../../arm-none-eabi/bin/ld.exe: C:\Users\MSI-VAMPIRIC\Desktop\s7g2\GUIApp\Debug/../src/http_server_user.c:861: undefined reference to `nx_http_server_header_value_get'
collect2.exe: error: ld returned 1 exit status
make: *** [makefile:127: GUIApp.elf] Error 1
"make -r -j12 all" terminated with exit code 2. Build might be incomplete.
23:21:13 **** Incremental Build of configuration Debug for project GUIApp ****
make -r -j12 all 
Building file: ../src/http_server_user.c
../src/http_server_user.c: In function 'http_handle_upload_stream':
../src/http_server_user.c:851:13: warning: implicit declaration of function 'nxd_http_server_header_value_get'; did you mean 'nx_http_server_param_get'? [-Wimplicit-function-declaration]
  851 |         if (nxd_http_server_header_value_get(server_ptr,
      |             ^~~~~~~~~~~~~~~~~~~~~~~~~~~~~~~~
      |             nx_http_server_param_get
../src/http_server_user.c:861:13: warning: implicit declaration of function 'nx_http_server_header_value_get'; did you mean 'nx_http_server_param_get'? [-Wimplicit-function-declaration]
  861 |         if (nx_http_server_header_value_get(server_ptr,
      |             ^~~~~~~~~~~~~~~~~~~~~~~~~~~~~~~
      |             nx_http_server_param_get
../src/http_server_user.c: In function 'http_handle_login':
../src/http_server_user.c:1703:72: warning: null character(s) preserved in literal
 1703 |         if ((strcmp(username, ADMIN_USERNAME) == 0) && (password[0] != ' '))
      |                                                                        ^
At top level:
../src/http_server_user.c:323:13: warning: 'http_send_file_download' defined but not used [-Wunused-function]
  323 | static UINT http_send_file_download(NX_HTTP_SERVER * server_ptr, const CHAR * file_path)
      |             ^~~~~~~~~~~~~~~~~~~~~~~
../src/http_server_user.c:86:13: warning: 'http_send_json_error' defined but not used [-Wunused-function]
   86 | static UINT http_send_json_error(NX_HTTP_SERVER * server_ptr,
      |             ^~~~~~~~~~~~~~~~~~~~
../src/http_server_user.c: In function 'http_request_notify':
../src/http_server_user.c:426:58: warning: 'snprintf' output may be truncated before the last format character [-Wformat-truncation=]
  426 |         snprintf(g_breadcrumb, sizeof(g_breadcrumb), "/%s", g_current_path);
      |                                                          ^
../src/http_server_user.c:426:9: note: 'snprintf' output between 2 and 257 bytes into a destination of size 256
  426 |         snprintf(g_breadcrumb, sizeof(g_breadcrumb), "/%s", g_current_path);
      |         ^~~~~~~~~~~~~~~~~~~~~~~~~~~~~~~~~~~~~~~~~~~~~~~~~~~~~~~~~~~~~~~~~~~
../src/http_server_user.c:648:66: warning: '%s' directive output may be truncated writing up to 63 bytes into a region of size between 0 and 255 [-Wformat-truncation=]
  648 |                     snprintf(child_path, sizeof(child_path), "%s/%s", g_current_path, g_short_name);
      |                                                                  ^~                   ~~~~~~~~~~~~
../src/http_server_user.c:648:21: note: 'snprintf' output between 2 and 320 bytes into a destination of size 256
  648 |                     snprintf(child_path, sizeof(child_path), "%s/%s", g_current_path, g_short_name);
      |                     ^~~~~~~~~~~~~~~~~~~~~~~~~~~~~~~~~~~~~~~~~~~~~~~~~~~~~~~~~~~~~~~~~~~~~~~~~~~~~~~
../src/http_server_user.c:716:64: warning: '%s' directive output may be truncated writing up to 63 bytes into a region of size between 0 and 255 [-Wformat-truncation=]
  716 |                     snprintf(file_path, sizeof(file_path), "%s/%s", g_current_path, g_short_name);
      |                                                                ^~                   ~~~~~~~~~~~~
../src/http_server_user.c:716:21: note: 'snprintf' output between 2 and 320 bytes into a destination of size 256
  716 |                     snprintf(file_path, sizeof(file_path), "%s/%s", g_current_path, g_short_name);
      |                     ^~~~~~~~~~~~~~~~~~~~~~~~~~~~~~~~~~~~~~~~~~~~~~~~~~~~~~~~~~~~~~~~~~~~~~~~~~~~~
Building target: GUIApp.elf
c:/renesas/synergy/e2studio_v2025-01_ssp_v2.7.0/toolchains/gcc_arm/gcc-arm-none-eabi-10.3-2021.10/bin/../lib/gcc/arm-none-eabi/10.3.1/../../../../arm-none-eabi/bin/ld.exe: ./src/http_server_user.o: in function `http_handle_upload_stream':
C:\Users\MSI-VAMPIRIC\Desktop\s7g2\GUIApp\Debug/../src/http_server_user.c:851: undefined reference to `nxd_http_server_header_value_get'
c:/renesas/synergy/e2studio_v2025-01_ssp_v2.7.0/toolchains/gcc_arm/gcc-arm-none-eabi-10.3-2021.10/bin/../lib/gcc/arm-none-eabi/10.3.1/../../../../arm-none-eabi/bin/ld.exe: C:\Users\MSI-VAMPIRIC\Desktop\s7g2\GUIApp\Debug/../src/http_server_user.c:861: undefined reference to `nx_http_server_header_value_get'
collect2.exe: error: ld returned 1 exit status
make: *** [makefile:127: GUIApp.elf] Error 1
"make -r -j12 all" terminated with exit code 2. Build might be incomplete.
23:28:39 **** Incremental Build of configuration Debug for project GUIApp ****
make -r -j12 all 
Building file: ../src/http_server_user.c
../src/http_server_user.c: In function 'http_handle_upload_stream':
../src/http_server_user.c:905:17: error: redefinition of 'query'
  905 |     const CHAR *query = strchr(resource, '?');
      |                 ^~~~~
../src/http_server_user.c:897:18: note: previous definition of 'query' was here
  897 |     const CHAR * query = strchr(resource, '?');
      |                  ^~~~~
../src/http_server_user.c: In function 'http_handle_login':
../src/http_server_user.c:1745:72: warning: null character(s) preserved in literal
 1745 |         if ((strcmp(username, ADMIN_USERNAME) == 0) && (password[0] != ' '))
      |                                                                        ^
At top level:
../src/http_server_user.c:382:13: warning: 'http_send_file_download' defined but not used [-Wunused-function]
  382 | static UINT http_send_file_download(NX_HTTP_SERVER * server_ptr, const CHAR * file_path)
      |             ^~~~~~~~~~~~~~~~~~~~~~~
../src/http_server_user.c:145:13: warning: 'http_send_json_error' defined but not used [-Wunused-function]
  145 | static UINT http_send_json_error(NX_HTTP_SERVER * server_ptr,
      |             ^~~~~~~~~~~~~~~~~~~~
make: *** [src/subdir.mk:49: src/http_server_user.o] Error 1
"make -r -j12 all" terminated with exit code 2. Build might be incomplete.
23:28:58 **** Incremental Build of configuration Debug for project GUIApp ****
make -r -j12 all 
Building file: ../src/http_server_user.c
../src/http_server_user.c: In function 'http_handle_login':
../src/http_server_user.c:1744:72: warning: null character(s) preserved in literal
 1744 |         if ((strcmp(username, ADMIN_USERNAME) == 0) && (password[0] != ' '))
      |                                                                        ^
At top level:
../src/http_server_user.c:382:13: warning: 'http_send_file_download' defined but not used [-Wunused-function]
  382 | static UINT http_send_file_download(NX_HTTP_SERVER * server_ptr, const CHAR * file_path)
      |             ^~~~~~~~~~~~~~~~~~~~~~~
../src/http_server_user.c:145:13: warning: 'http_send_json_error' defined but not used [-Wunused-function]
  145 | static UINT http_send_json_error(NX_HTTP_SERVER * server_ptr,
      |             ^~~~~~~~~~~~~~~~~~~~
../src/http_server_user.c: In function 'http_request_notify':
../src/http_server_user.c:485:58: warning: 'snprintf' output may be truncated before the last format character [-Wformat-truncation=]
  485 |         snprintf(g_breadcrumb, sizeof(g_breadcrumb), "/%s", g_current_path);
      |                                                          ^
../src/http_server_user.c:485:9: note: 'snprintf' output between 2 and 257 bytes into a destination of size 256
  485 |         snprintf(g_breadcrumb, sizeof(g_breadcrumb), "/%s", g_current_path);
      |         ^~~~~~~~~~~~~~~~~~~~~~~~~~~~~~~~~~~~~~~~~~~~~~~~~~~~~~~~~~~~~~~~~~~
../src/http_server_user.c:707:66: warning: '%s' directive output may be truncated writing up to 63 bytes into a region of size between 0 and 255 [-Wformat-truncation=]
  707 |                     snprintf(child_path, sizeof(child_path), "%s/%s", g_current_path, g_short_name);
      |                                                                  ^~                   ~~~~~~~~~~~~
../src/http_server_user.c:707:21: note: 'snprintf' output between 2 and 320 bytes into a destination of size 256
  707 |                     snprintf(child_path, sizeof(child_path), "%s/%s", g_current_path, g_short_name);
      |                     ^~~~~~~~~~~~~~~~~~~~~~~~~~~~~~~~~~~~~~~~~~~~~~~~~~~~~~~~~~~~~~~~~~~~~~~~~~~~~~~
../src/http_server_user.c:775:64: warning: '%s' directive output may be truncated writing up to 63 bytes into a region of size between 0 and 255 [-Wformat-truncation=]
  775 |                     snprintf(file_path, sizeof(file_path), "%s/%s", g_current_path, g_short_name);
      |                                                                ^~                   ~~~~~~~~~~~~
../src/http_server_user.c:775:21: note: 'snprintf' output between 2 and 320 bytes into a destination of size 256
  775 |                     snprintf(file_path, sizeof(file_path), "%s/%s", g_current_path, g_short_name);
      |                     ^~~~~~~~~~~~~~~~~~~~~~~~~~~~~~~~~~~~~~~~~~~~~~~~~~~~~~~~~~~~~~~~~~~~~~~~~~~~~
Building target: GUIApp.elf
arm-none-eabi-objcopy -O srec "GUIApp.elf"  "GUIApp.srec"
arm-none-eabi-size --format=berkeley "GUIApp.elf"
   text	   data	    bss	    dec	    hex	filename
 751196	   4032	 507908	1263136	 134620	GUIApp.elf
23:31:33 **** Incremental Build of configuration Debug for project GUIApp ****
make -r -j12 all 
Building file: ../src/http_server_user.c
../src/http_server_user.c: In function 'http_handle_login':
../src/http_server_user.c:1744:72: warning: null character(s) preserved in literal
 1744 |         if ((strcmp(username, ADMIN_USERNAME) == 0) && (password[0] != ' '))
      |                                                                        ^
At top level:
../src/http_server_user.c:1122:13: warning: 'http_handle_upload_chunk' defined but not used [-Wunused-function]
 1122 | static UINT http_handle_upload_chunk(NX_HTTP_SERVER * server_ptr,
      |             ^~~~~~~~~~~~~~~~~~~~~~~~
../src/http_server_user.c:382:13: warning: 'http_send_file_download' defined but not used [-Wunused-function]
  382 | static UINT http_send_file_download(NX_HTTP_SERVER * server_ptr, const CHAR * file_path)
      |             ^~~~~~~~~~~~~~~~~~~~~~~
../src/http_server_user.c:145:13: warning: 'http_send_json_error' defined but not used [-Wunused-function]
  145 | static UINT http_send_json_error(NX_HTTP_SERVER * server_ptr,
      |             ^~~~~~~~~~~~~~~~~~~~
../src/http_server_user.c: In function 'http_request_notify':
../src/http_server_user.c:485:58: warning: 'snprintf' output may be truncated before the last format character [-Wformat-truncation=]
  485 |         snprintf(g_breadcrumb, sizeof(g_breadcrumb), "/%s", g_current_path);
      |                                                          ^
../src/http_server_user.c:485:9: note: 'snprintf' output between 2 and 257 bytes into a destination of size 256
  485 |         snprintf(g_breadcrumb, sizeof(g_breadcrumb), "/%s", g_current_path);
      |         ^~~~~~~~~~~~~~~~~~~~~~~~~~~~~~~~~~~~~~~~~~~~~~~~~~~~~~~~~~~~~~~~~~~
../src/http_server_user.c:707:66: warning: '%s' directive output may be truncated writing up to 63 bytes into a region of size between 0 and 255 [-Wformat-truncation=]
  707 |                     snprintf(child_path, sizeof(child_path), "%s/%s", g_current_path, g_short_name);
      |                                                                  ^~                   ~~~~~~~~~~~~
../src/http_server_user.c:707:21: note: 'snprintf' output between 2 and 320 bytes into a destination of size 256
  707 |                     snprintf(child_path, sizeof(child_path), "%s/%s", g_current_path, g_short_name);
      |                     ^~~~~~~~~~~~~~~~~~~~~~~~~~~~~~~~~~~~~~~~~~~~~~~~~~~~~~~~~~~~~~~~~~~~~~~~~~~~~~~
../src/http_server_user.c:775:64: warning: '%s' directive output may be truncated writing up to 63 bytes into a region of size between 0 and 255 [-Wformat-truncation=]
  775 |                     snprintf(file_path, sizeof(file_path), "%s/%s", g_current_path, g_short_name);
      |                                                                ^~                   ~~~~~~~~~~~~
../src/http_server_user.c:775:21: note: 'snprintf' output between 2 and 320 bytes into a destination of size 256
  775 |                     snprintf(file_path, sizeof(file_path), "%s/%s", g_current_path, g_short_name);
      |                     ^~~~~~~~~~~~~~~~~~~~~~~~~~~~~~~~~~~~~~~~~~~~~~~~~~~~~~~~~~~~~~~~~~~~~~~~~~~~~
Building target: GUIApp.elf
arm-none-eabi-objcopy -O srec "GUIApp.elf"  "GUIApp.srec"
arm-none-eabi-size --format=berkeley "GUIApp.elf"
   text	   data	    bss	    dec	    hex	filename
 748888	   4032	 505100	1258020	 133224	GUIApp.elf
