22:47:12 **** Incremental Build of configuration Debug for project GUIApp ****
make -r -j12 all 
Building file: ../src/usb_thread_entry.c
Building target: GUIApp.elf
arm-none-eabi-objcopy -O srec "GUIApp.elf"  "GUIApp.srec"
arm-none-eabi-size --format=berkeley "GUIApp.elf"
   text	   data	    bss	    dec	    hex	filename
 800596	   4032	 511908	1316536	 1416b8	GUIApp.elf
22:51:35 **** Incremental Build of configuration Debug for project GUIApp ****
make -r -j12 all 
Building file: ../src/www/webui_provision.c
Building target: GUIApp.elf
arm-none-eabi-objcopy -O srec "GUIApp.elf"  "GUIApp.srec"
arm-none-eabi-size --format=berkeley "GUIApp.elf"
   text	   data	    bss	    dec	    hex	filename
 800468	   4032	 511908	1316408	 141638	GUIApp.elf
22:52:44 **** Incremental Build of configuration Debug for project GUIApp ****
make -r -j12 all 
Building file: ../src/www/webui_provision.c
Building target: GUIApp.elf
arm-none-eabi-objcopy -O srec "GUIApp.elf"  "GUIApp.srec"
arm-none-eabi-size --format=berkeley "GUIApp.elf"
   text	   data	    bss	    dec	    hex	filename
 799572	   4032	 511908	1315512	 1412b8	GUIApp.elf
23:08:32 **** Incremental Build of configuration Debug for project GUIApp ****
make -r -j12 all 
Building file: ../src/www/web_assets.c
Building file: ../src/www/webui_provision.c
Building file: ../src/http_server_user.c
Building file: ../src/main_thread_entry.c
Building file: ../src/network_thread_entry.c
Building file: ../src/usb_thread_entry.c
../src/network_thread_entry.c: In function 'wait_for_ip_address':
../src/network_thread_entry.c:74:40: warning: passing argument 2 of '_nxe_ip_address_get' discards 'volatile' qualifier from pointer target type [-Wdiscarded-qualifiers]
   74 |     status = nx_ip_address_get(&g_ip0, &g_ipv4_address, &g_ipv4_mask);
      |                                        ^~~~~~~~~~~~~~~
In file included from C:/Users/MSI-VAMPIRIC/Desktop/s7g2/GUIApp/src/synergy_gen/common_data.h:16,
                 from C:/Users/MSI-VAMPIRIC/Desktop/s7g2/GUIApp/src/synergy_gen/hal_data.h:6,
                 from C:/Users/MSI-VAMPIRIC/Desktop/s7g2/GUIApp/src/synergy_gen/network_thread.h:6,
                 from ../src/network_thread_entry.c:1:
C:/Users/MSI-VAMPIRIC/Desktop/s7g2/GUIApp/synergy/ssp/inc/framework/el/nxd/nx_api.h:3627:46: note: expected 'ULONG *' {aka 'long unsigned int *'} but argument is of type 'volatile ULONG *' {aka 'volatile long unsigned int *'}
 3627 | UINT nx_ip_address_get(NX_IP *ip_ptr, ULONG *ip_address, ULONG *network_mask);
      |                                       ~~~~~~~^~~~~~~~~~
../src/network_thread_entry.c:74:57: warning: passing argument 3 of '_nxe_ip_address_get' discards 'volatile' qualifier from pointer target type [-Wdiscarded-qualifiers]
   74 |     status = nx_ip_address_get(&g_ip0, &g_ipv4_address, &g_ipv4_mask);
      |                                                         ^~~~~~~~~~~~
In file included from C:/Users/MSI-VAMPIRIC/Desktop/s7g2/GUIApp/src/synergy_gen/common_data.h:16,
                 from C:/Users/MSI-VAMPIRIC/Desktop/s7g2/GUIApp/src/synergy_gen/hal_data.h:6,
                 from C:/Users/MSI-VAMPIRIC/Desktop/s7g2/GUIApp/src/synergy_gen/network_thread.h:6,
                 from ../src/network_thread_entry.c:1:
C:/Users/MSI-VAMPIRIC/Desktop/s7g2/GUIApp/synergy/ssp/inc/framework/el/nxd/nx_api.h:3627:65: note: expected 'ULONG *' {aka 'long unsigned int *'} but argument is of type 'volatile ULONG *' {aka 'volatile long unsigned int *'}
 3627 | UINT nx_ip_address_get(NX_IP *ip_ptr, ULONG *ip_address, ULONG *network_mask);
      |                                                          ~~~~~~~^~~~~~~~~~~~
Building target: GUIApp.elf
arm-none-eabi-objcopy -O srec "GUIApp.elf"  "GUIApp.srec"
arm-none-eabi-size --format=berkeley "GUIApp.elf"
   text	   data	    bss	    dec	    hex	filename
 799668	   4032	 511908	1315608	 141318	GUIApp.elf
23:18:13 **** Incremental Build of configuration Debug for project GUIApp ****
make -r -j12 all 
Building file: ../src/usb_thread_entry.c
Building target: GUIApp.elf
arm-none-eabi-objcopy -O srec "GUIApp.elf"  "GUIApp.srec"
arm-none-eabi-size --format=berkeley "GUIApp.elf"
   text	   data	    bss	    dec	    hex	filename
 799604	   4032	 511908	1315544	 1412d8	GUIApp.elf
23:32:17 **** Incremental Build of configuration Debug for project GUIApp ****
make -r -j12 all 
Building file: ../src/www/web_assets.c
Building file: ../src/www/webui_provision.c
Building file: ../src/http_server_user.c
Building file: ../src/usb_thread_entry.c
Building target: GUIApp.elf
arm-none-eabi-objcopy -O srec "GUIApp.elf"  "GUIApp.srec"
arm-none-eabi-size --format=berkeley "GUIApp.elf"
   text	   data	    bss	    dec	    hex	filename
 799604	   4032	 511908	1315544	 1412d8	GUIApp.elf
